Archive member included to satisfy reference by file (symbol)

C:/ST/STM32CubeIDE_2.2.0/STM32CubeIDE/plugins/com.st.stm32cube.ide.mcu.externaltools.gnu-tools-for-stm32.14.3.rel1.win32_1.0.100.202602081740/tools/bin/../lib/gcc/arm-none-eabi/14.3.1/../../../../arm-none-eabi/lib/thumb/v7e-m+fp/hard\libc_nano.a(libc_a-exit.o)
                              C:/ST/STM32CubeIDE_2.2.0/STM32CubeIDE/plugins/com.st.stm32cube.ide.mcu.externaltools.gnu-tools-for-stm32.14.3.rel1.win32_1.0.100.202602081740/tools/bin/../lib/gcc/arm-none-eabi/14.3.1/../../../../arm-none-eabi/lib/thumb/v7e-m+fp/hard/crt0.o (exit)
C:/ST/STM32CubeIDE_2.2.0/STM32CubeIDE/plugins/com.st.stm32cube.ide.mcu.externaltools.gnu-tools-for-stm32.14.3.rel1.win32_1.0.100.202602081740/tools/bin/../lib/gcc/arm-none-eabi/14.3.1/../../../../arm-none-eabi/lib/thumb/v7e-m+fp/hard\libc_nano.a(libc_a-findfp.o)
                              C:/ST/STM32CubeIDE_2.2.0/STM32CubeIDE/plugins/com.st.stm32cube.ide.mcu.externaltools.gnu-tools-for-stm32.14.3.rel1.win32_1.0.100.202602081740/tools/bin/../lib/gcc/arm-none-eabi/14.3.1/../../../../arm-none-eabi/lib/thumb/v7e-m+fp/hard\libc_nano.a(libc_a-exit.o) (__stdio_exit_handler)
C:/ST/STM32CubeIDE_2.2.0/STM32CubeIDE/plugins/com.st.stm32cube.ide.mcu.externaltools.gnu-tools-for-stm32.14.3.rel1.win32_1.0.100.202602081740/tools/bin/../lib/gcc/arm-none-eabi/14.3.1/../../../../arm-none-eabi/lib/thumb/v7e-m+fp/hard\libc_nano.a(libc_a-fwalk.o)
                              C:/ST/STM32CubeIDE_2.2.0/STM32CubeIDE/plugins/com.st.stm32cube.ide.mcu.externaltools.gnu-tools-for-stm32.14.3.rel1.win32_1.0.100.202602081740/tools/bin/../lib/gcc/arm-none-eabi/14.3.1/../../../../arm-none-eabi/lib/thumb/v7e-m+fp/hard\libc_nano.a(libc_a-findfp.o) (_fwalk_sglue)
C:/ST/STM32CubeIDE_2.2.0/STM32CubeIDE/plugins/com.st.stm32cube.ide.mcu.externaltools.gnu-tools-for-stm32.14.3.rel1.win32_1.0.100.202602081740/tools/bin/../lib/gcc/arm-none-eabi/14.3.1/../../../../arm-none-eabi/lib/thumb/v7e-m+fp/hard\libc_nano.a(libc_a-sprintf.o)
                              ./Core/Src/lcd_hal.o (sprintf)
C:/ST/STM32CubeIDE_2.2.0/STM32CubeIDE/plugins/com.st.stm32cube.ide.mcu.externaltools.gnu-tools-for-stm32.14.3.rel1.win32_1.0.100.202602081740/tools/bin/../lib/gcc/arm-none-eabi/14.3.1/../../../../arm-none-eabi/lib/thumb/v7e-m+fp/hard\libc_nano.a(libc_a-stdio.o)
                              C:/ST/STM32CubeIDE_2.2.0/STM32CubeIDE/plugins/com.st.stm32cube.ide.mcu.externaltools.gnu-tools-for-stm32.14.3.rel1.win32_1.0.100.202602081740/tools/bin/../lib/gcc/arm-none-eabi/14.3.1/../../../../arm-none-eabi/lib/thumb/v7e-m+fp/hard\libc_nano.a(libc_a-findfp.o) (__sread)
C:/ST/STM32CubeIDE_2.2.0/STM32CubeIDE/plugins/com.st.stm32cube.ide.mcu.externaltools.gnu-tools-for-stm32.14.3.rel1.win32_1.0.100.202602081740/tools/bin/../lib/gcc/arm-none-eabi/14.3.1/../../../../arm-none-eabi/lib/thumb/v7e-m+fp/hard\libc_nano.a(libc_a-memset.o)
                              C:/ST/STM32CubeIDE_2.2.0/STM32CubeIDE/plugins/com.st.stm32cube.ide.mcu.externaltools.gnu-tools-for-stm32.14.3.rel1.win32_1.0.100.202602081740/tools/bin/../lib/gcc/arm-none-eabi/14.3.1/../../../../arm-none-eabi/lib/thumb/v7e-m+fp/hard/crt0.o (memset)
C:/ST/STM32CubeIDE_2.2.0/STM32CubeIDE/plugins/com.st.stm32cube.ide.mcu.externaltools.gnu-tools-for-stm32.14.3.rel1.win32_1.0.100.202602081740/tools/bin/../lib/gcc/arm-none-eabi/14.3.1/../../../../arm-none-eabi/lib/thumb/v7e-m+fp/hard\libc_nano.a(libc_a-closer.o)
                              C:/ST/STM32CubeIDE_2.2.0/STM32CubeIDE/plugins/com.st.stm32cube.ide.mcu.externaltools.gnu-tools-for-stm32.14.3.rel1.win32_1.0.100.202602081740/tools/bin/../lib/gcc/arm-none-eabi/14.3.1/../../../../arm-none-eabi/lib/thumb/v7e-m+fp/hard\libc_nano.a(libc_a-stdio.o) (_close_r)
C:/ST/STM32CubeIDE_2.2.0/STM32CubeIDE/plugins/com.st.stm32cube.ide.mcu.externaltools.gnu-tools-for-stm32.14.3.rel1.win32_1.0.100.202602081740/tools/bin/../lib/gcc/arm-none-eabi/14.3.1/../../../../arm-none-eabi/lib/thumb/v7e-m+fp/hard\libc_nano.a(libc_a-reent.o)
                              C:/ST/STM32CubeIDE_2.2.0/STM32CubeIDE/plugins/com.st.stm32cube.ide.mcu.externaltools.gnu-tools-for-stm32.14.3.rel1.win32_1.0.100.202602081740/tools/bin/../lib/gcc/arm-none-eabi/14.3.1/../../../../arm-none-eabi/lib/thumb/v7e-m+fp/hard\libc_nano.a(libc_a-closer.o) (errno)
C:/ST/STM32CubeIDE_2.2.0/STM32CubeIDE/plugins/com.st.stm32cube.ide.mcu.externaltools.gnu-tools-for-stm32.14.3.rel1.win32_1.0.100.202602081740/tools/bin/../lib/gcc/arm-none-eabi/14.3.1/../../../../arm-none-eabi/lib/thumb/v7e-m+fp/hard\libc_nano.a(libc_a-impure.o)
                              C:/ST/STM32CubeIDE_2.2.0/STM32CubeIDE/plugins/com.st.stm32cube.ide.mcu.externaltools.gnu-tools-for-stm32.14.3.rel1.win32_1.0.100.202602081740/tools/bin/../lib/gcc/arm-none-eabi/14.3.1/../../../../arm-none-eabi/lib/thumb/v7e-m+fp/hard\libc_nano.a(libc_a-sprintf.o) (_impure_ptr)
[...]
Memory Configuration

Name             Origin             Length             Attributes
CCMRAM           0x10000000         0x00010000         xrw
RAM              0x20000000         0x00020000         xrw
FLASH            0x08000000         0x00100000         xr
*default*        0x00000000         0xffffffff

Linker script and memory map

LOAD C:/ST/STM32CubeIDE_2.2.0/STM32CubeIDE/plugins/com.st.stm32cube.ide.mcu.externaltools.gnu-tools-for-stm32.14.3.rel1.win32_1.0.100.202602081740/tools/bin/../lib/gcc/arm-none-eabi/14.3.1/thumb/v7e-m+fp/hard/crti.o
LOAD C:/ST/STM32CubeIDE_2.2.0/STM32CubeIDE/plugins/com.st.stm32cube.ide.mcu.externaltools.gnu-tools-for-stm32.14.3.rel1.win32_1.0.100.202602081740/tools/bin/../lib/gcc/arm-none-eabi/14.3.1/thumb/v7e-m+fp/hard/crtbegin.o
LOAD C:/ST/STM32CubeIDE_2.2.0/STM32CubeIDE/plugins/com.st.stm32cube.ide.mcu.externaltools.gnu-tools-for-stm32.14.3.rel1.win32_1.0.100.202602081740/tools/bin/../lib/gcc/arm-none-eabi/14.3.1/../../../../arm-none-eabi/lib/thumb/v7e-m+fp/hard/crt0.o
LOAD ./Core/Src/can_tp.o
LOAD ./Core/Src/dcm.o
LOAD ./Core/Src/dcm_rdbi.o
LOAD ./Core/Src/dcm_seca.o
LOAD ./Core/Src/dcm_wdbi.o
LOAD ./Core/Src/lcd_hal.o
LOAD ./Core/Src/main.o
LOAD ./Core/Src/stm32f4xx_hal_msp.o
LOAD ./Core/Src/stm32f4xx_it.o
LOAD ./Core/Src/syscalls.o
LOAD ./Core/Src/sysmem.o
LOAD ./Core/Src/system_stm32f4xx.o
LOAD ./Core/Startup/startup_stm32f405rgtx.o
LOAD ./Drivers/STM32F4xx_HAL_Driver/Src/stm32f4xx_hal.o
LOAD ./Drivers/STM32F4xx_HAL_Driver/Src/stm32f4xx_hal_adc.o
LOAD ./Drivers/STM32F4xx_HAL_Driver/Src/stm32f4xx_hal_adc_ex.o
LOAD ./Drivers/STM32F4xx_HAL_Driver/Src/stm32f4xx_hal_can.o
LOAD ./Drivers/STM32F4xx_HAL_Driver/Src/stm32f4xx_hal_cortex.o
LOAD ./Drivers/STM32F4xx_HAL_Driver/Src/stm32f4xx_hal_dma.o
LOAD ./Drivers/STM32F4xx_HAL_Driver/Src/stm32f4xx_hal_dma_ex.o
LOAD ./Drivers/STM32F4xx_HAL_Driver/Src/stm32f4xx_hal_exti.o
LOAD ./Drivers/STM32F4xx_HAL_Driver/Src/stm32f4xx_hal_flash.o
LOAD ./Drivers/STM32F4xx_HAL_Driver/Src/stm32f4xx_hal_flash_ex.o
LOAD ./Drivers/STM32F4xx_HAL_Driver/Src/stm32f4xx_hal_flash_ramfunc.o
LOAD ./Drivers/STM32F4xx_HAL_Driver/Src/stm32f4xx_hal_gpio.o
LOAD ./Drivers/STM32F4xx_HAL_Driver/Src/stm32f4xx_hal_pwr.o
LOAD ./Drivers/STM32F4xx_HAL_Driver/Src/stm32f4xx_hal_pwr_ex.o
LOAD ./Drivers/STM32F4xx_HAL_Driver/Src/stm32f4xx_hal_rcc.o
LOAD ./Drivers/STM32F4xx_HAL_Driver/Src/stm32f4xx_hal_rcc_ex.o
LOAD ./Drivers/STM32F4xx_HAL_Driver/Src/stm32f4xx_hal_uart.o
START GROUP
LOAD C:/ST/STM32CubeIDE_2.2.0/STM32CubeIDE/plugins/com.st.stm32cube.ide.mcu.externaltools.gnu-tools-for-stm32.14.3.rel1.win32_1.0.100.202602081740/tools/bin/../lib/gcc/arm-none-eabi/14.3.1/../../../../arm-none-eabi/lib/thumb/v7e-m+fp/hard\libc_nano.a
LOAD C:/ST/STM32CubeIDE_2.2.0/STM32CubeIDE/plugins/com.st.stm32cube.ide.mcu.externaltools.gnu-tools-for-stm32.14.3.rel1.win32_1.0.100.202602081740/tools/bin/../lib/gcc/arm-none-eabi/14.3.1/../../../../arm-none-eabi/lib/thumb/v7e-m+fp/hard\libm.a
END GROUP
START GROUP
LOAD C:/ST/STM32CubeIDE_2.2.0/STM32CubeIDE/plugins/com.st.stm32cube.ide.mcu.externaltools.gnu-tools-for-stm32.14.3.rel1.win32_1.0.100.202602081740/tools/bin/../lib/gcc/arm-none-eabi/14.3.1/thumb/v7e-m+fp/hard\libgcc.a
LOAD C:/ST/STM32CubeIDE_2.2.0/STM32CubeIDE/plugins/com.st.stm32cube.ide.mcu.externaltools.gnu-tools-for-stm32.14.3.rel1.win32_1.0.100.202602081740/tools/bin/../lib/gcc/arm-none-eabi/14.3.1/../../../../arm-none-eabi/lib/thumb/v7e-m+fp/hard\libc_nano.a
END GROUP
START GROUP
LOAD C:/ST/STM32CubeIDE_2.2.0/STM32CubeIDE/plugins/com.st.stm32cube.ide.mcu.externaltools.gnu-tools-for-stm32.14.3.rel1.win32_1.0.100.202602081740/tools/bin/../lib/gcc/arm-none-eabi/14.3.1/thumb/v7e-m+fp/hard\libgcc.a
LOAD C:/ST/STM32CubeIDE_2.2.0/STM32CubeIDE/plugins/com.st.stm32cube.ide.mcu.externaltools.gnu-tools-for-stm32.14.3.rel1.win32_1.0.100.202602081740/tools/bin/../lib/gcc/arm-none-eabi/14.3.1/../../../../arm-none-eabi/lib/thumb/v7e-m+fp/hard\libc_nano.a
LOAD C:/ST/STM32CubeIDE_2.2.0/STM32CubeIDE/plugins/com.st.stm32cube.ide.mcu.externaltools.gnu-tools-for-stm32.14.3.rel1.win32_1.0.100.202602081740/tools/bin/../lib/gcc/arm-none-eabi/14.3.1/../../../../arm-none-eabi/lib/thumb/v7e-m+fp/hard\libnosys.a
END GROUP
START GROUP
LOAD C:/ST/STM32CubeIDE_2.2.0/STM32CubeIDE/plugins/com.st.stm32cube.ide.mcu.externaltools.gnu-tools-for-stm32.14.3.rel1.win32_1.0.100.202602081740/tools/bin/../lib/gcc/arm-none-eabi/14.3.1/thumb/v7e-m+fp/hard\libgcc.a
LOAD C:/ST/STM32CubeIDE_2.2.0/STM32CubeIDE/plugins/com.st.stm32cube.ide.mcu.externaltools.gnu-tools-for-stm32.14.3.rel1.win32_1.0.100.202602081740/tools/bin/../lib/gcc/arm-none-eabi/14.3.1/../../../../arm-none-eabi/lib/thumb/v7e-m+fp/hard\libc_nano.a
LOAD C:/ST/STM32CubeIDE_2.2.0/STM32CubeIDE/plugins/com.st.stm32cube.ide.mcu.externaltools.gnu-tools-for-stm32.14.3.rel1.win32_1.0.100.202602081740/tools/bin/../lib/gcc/arm-none-eabi/14.3.1/../../../../arm-none-eabi/lib/thumb/v7e-m+fp/hard\libnosys.a
END GROUP
LOAD C:/ST/STM32CubeIDE_2.2.0/STM32CubeIDE/plugins/com.st.stm32cube.ide.mcu.externaltools.gnu-tools-for-stm32.14.3.rel1.win32_1.0.100.202602081740/tools/bin/../lib/gcc/arm-none-eabi/14.3.1/thumb/v7e-m+fp/hard/crtend.o
LOAD C:/ST/STM32CubeIDE_2.2.0/STM32CubeIDE/plugins/com.st.stm32cube.ide.mcu.externaltools.gnu-tools-for-stm32.14.3.rel1.win32_1.0.100.202602081740/tools/bin/../lib/gcc/arm-none-eabi/14.3.1/thumb/v7e-m+fp/hard/crtn.o
                0x20020000                        _estack = (ORIGIN (RAM) + LENGTH (RAM))
                0x00000200                        _Min_Heap_Size = 0x200
                0x00000400                        _Min_Stack_Size = 0x400

.isr_vector     0x08000000      0x188
                0x08000000                        . = ALIGN (0x4)
 *(.isr_vector)
 .isr_vector    0x08000000      0x188 ./Core/Startup/startup_stm32f405rgtx.o
                0x08000000                g_pfnVectors
                0x08000188                        . = ALIGN (0x4)

.text           0x08000190     0x8138
                0x08000190                        . = ALIGN (0x4)
 *(.text)
 .text          0x08000190       0x40 C:/ST/STM32CubeIDE_2.2.0/STM32CubeIDE/plugins/com.st.stm32cube.ide.mcu.externaltools.gnu-tools-for-stm32.14.3.rel1.win32_1.0.100.202602081740/tools/bin/../lib/gcc/arm-none-eabi/14.3.1/thumb/v7e-m+fp/hard/crtbegin.o
 .text          0x080001d0       0x10 C:/ST/STM32CubeIDE_2.2.0/STM32CubeIDE/plugins/com.st.stm32cube.ide.mcu.externaltools.gnu-tools-for-stm32.14.3.rel1.win32_1.0.100.202602081740/tools/bin/../lib/gcc/arm-none-eabi/14.3.1/../../../../arm-none-eabi/lib/thumb/v7e-m+fp/hard\libc_nano.a(libc_a-strlen.o)
                0x080001d0                strlen
 .text          0x080001e0       0xa0 C:/ST/STM32CubeIDE_2.2.0/STM32CubeIDE/plugins/com.st.stm32cube.ide.mcu.externaltools.gnu-tools-for-stm32.14.3.rel1.win32_1.0.100.202602081740/tools/bin/../lib/gcc/arm-none-eabi/14.3.1/../../../../arm-none-eabi/lib/thumb/v7e-m+fp/hard\libc_nano.a(libc_a-memchr.o)
                0x080001e0                memchr
 .text          0x08000280       0x30 C:/ST/STM32CubeIDE_2.2.0/STM32CubeIDE/plugins/com.st.stm32cube.ide.mcu.externaltools.gnu-tools-for-stm32.14.3.rel1.win32_1.0.100.202602081740/tools/bin/../lib/gcc/arm-none-eabi/14.3.1/thumb/v7e-m+fp/hard\libgcc.a(_aeabi_uldivmod.o)
                0x08000280                __aeabi_uldivmod
 .text          0x080002b0      0x2f8 C:/ST/STM32CubeIDE_2.2.0/STM32CubeIDE/plugins/com.st.stm32cube.ide.mcu.externaltools.gnu-tools-for-stm32.14.3.rel1.win32_1.0.100.202602081740/tools/bin/../lib/gcc/arm-none-eabi/14.3.1/thumb/v7e-m+fp/hard\libgcc.a(_udivmoddi4.o)
                0x080002b0                __udivmoddi4
 .text          0x080005a8        0x4 C:/ST/STM32CubeIDE_2.2.0/STM32CubeIDE/plugins/com.st.stm32cube.ide.mcu.externaltools.gnu-tools-for-stm32.14.3.rel1.win32_1.0.100.202602081740/tools/bin/../lib/gcc/arm-none-eabi/14.3.1/thumb/v7e-m+fp/hard\libgcc.a(_dvmd_tls.o)
                0x080005a8                __aeabi_idiv0
                0x080005a8                __aeabi_ldiv0
 *(.text*)
 .text.TP_Handle_SingleFrame
                0x080005ac       0x54 ./Core/Src/can_tp.o
                0x080005ac                TP_Handle_SingleFrame
 .text.TP_Handle_FirstFrame
                0x08000600      0x120 ./Core/Src/can_tp.o
                0x08000600                TP_Handle_FirstFrame
 .text.TP_Handle_ConsecutiveFrame
                0x08000720       0xe8 ./Core/Src/can_tp.o
                0x08000720                TP_Handle_ConsecutiveFrame
 .text.TP_Handle_FlowControlFrame
                0x08000808       0x20 ./Core/Src/can_tp.o
                0x08000808                TP_Handle_FlowControlFrame
 .text.CAN_TP_RxIndication
                0x08000828       0x50 ./Core/Src/can_tp.o
                0x08000828                CAN_TP_RxIndication
 .text.CAN_TP_Transmit
                0x08000878      0x206 ./Core/Src/can_tp.o
                0x08000878                CAN_TP_Transmit
 *fill*         0x08000a7e        0x2 
 .text.DCM_Process_Request
                0x08000a80       0x80 ./Core/Src/dcm.o
                0x08000a80                DCM_Process_Request
 .text.DCM_Service_22_Practice
                0x08000b00      0x1d0 ./Core/Src/dcm_rdbi.o
                0x08000b00                DCM_Service_22_Practice
 .text.DCM_Service_27_Practice
                0x08000cd0      0x2f0 ./Core/Src/dcm_seca.o
                0x08000cd0                DCM_Service_27_Practice
 .text.DCM_Service_2E_Practice
                0x08000fc0      0x1fc ./Core/Src/dcm_wdbi.o
                0x08000fc0                DCM_Service_2E_Practice
 .text.LCD_GPIO_Init
                0x080011bc       0xb0 ./Core/Src/lcd_hal.o
                0x080011bc                LCD_GPIO_Init
 .text.LCD_SPI_Send
                0x0800126c       0x68 ./Core/Src/lcd_hal.o
                0x0800126c                LCD_SPI_Send
 .text.LCD_WriteCmd
                0x080012d4       0x40 ./Core/Src/lcd_hal.o
                0x080012d4                LCD_WriteCmd
 .text.LCD_WriteData
                0x08001314       0x40 ./Core/Src/lcd_hal.o
                0x08001314                LCD_WriteData
 .text.LCD_SetAddressWindow
                0x08001354       0x98 ./Core/Src/lcd_hal.o
                0x08001354                LCD_SetAddressWindow
 .text.LCD_Init
                0x080013ec      0x10c ./Core/Src/lcd_hal.o
                0x080013ec                LCD_Init
 .text.LCD_ClearScreen
                0x080014f8       0x74 ./Core/Src/lcd_hal.o
                0x080014f8                LCD_ClearScreen
 .text.LCD_FillRect
                0x0800156c       0xe8 ./Core/Src/lcd_hal.o
                0x0800156c                LCD_FillRect
 .text.LCD_DrawHLine
                0x08001654       0x36 ./Core/Src/lcd_hal.o
                0x08001654                LCD_DrawHLine
 .text.LCD_DrawVLine
                0x0800168a       0x38 ./Core/Src/lcd_hal.o
                0x0800168a                LCD_DrawVLine
 .text.LCD_DrawRect
                0x080016c2       0x6a ./Core/Src/lcd_hal.o
                0x080016c2                LCD_DrawRect
 .text.LCD_DrawProgressBar
                0x0800172c       0xcc ./Core/Src/lcd_hal.o
                0x0800172c                LCD_DrawProgressBar
 .text.LCD_DrawBadge
                0x080017f8       0x66 ./Core/Src/lcd_hal.o
                0x080017f8                LCD_DrawBadge
 *fill*         0x0800185e        0x2 
 .text.LCD_DrawChar_Fast
                0x08001860      0x17c ./Core/Src/lcd_hal.o
                0x08001860                LCD_DrawChar_Fast
 .text.LCD_DrawString_Fast
                0x080019dc       0x4a ./Core/Src/lcd_hal.o
                0x080019dc                LCD_DrawString_Fast
 *fill*         0x08001a26        0x2 
 .text.LCD_DrawChar2X
                0x08001a28      0x204 ./Core/Src/lcd_hal.o
                0x08001a28                LCD_DrawChar2X
 .text.LCD_DrawString2X
                0x08001c2c       0x4a ./Core/Src/lcd_hal.o
                0x08001c2c                LCD_DrawString2X
 *fill*         0x08001c76        0x2 
 .text.LCD_Init_Dashboard
                0x08001c78      0x2bc ./Core/Src/lcd_hal.o
                0x08001c78                LCD_Init_Dashboard
 .text.LCD_Update_Dashboard
                0x08001f34      0x374 ./Core/Src/lcd_hal.o
                0x08001f34                LCD_Update_Dashboard
 .text.Process_UDS_Payload
                0x080022a8      0x22c ./Core/Src/main.o
 .text.main     0x080024d4      0x428 ./Core/Src/main.o
                0x080024d4                main
 .text.SystemClock_Config
                0x080028fc       0xd4 ./Core/Src/main.o
                0x080028fc                SystemClock_Config
 .text.MX_ADC1_Init
                0x080029d0       0xa4 ./Core/Src/main.o
 .text.MX_CAN1_Init
                0x08002a74       0x70 ./Core/Src/main.o
 .text.MX_CAN2_Init
                0x08002ae4       0x70 ./Core/Src/main.o
 .text.MX_USART3_UART_Init
                0x08002b54       0x54 ./Core/Src/main.o
 .text.MX_DMA_Init
                0x08002ba8       0x40 ./Core/Src/main.o
 .text.MX_GPIO_Init
                0x08002be8      0x120 ./Core/Src/main.o
 .text.MX_CAN1_Setup
                0x08002d08       0x84 ./Core/Src/main.o
                0x08002d08                MX_CAN1_Setup
 .text.MX_CAN2_Setup
                0x08002d8c       0x68 ./Core/Src/main.o
                0x08002d8c                MX_CAN2_Setup
 .text.HAL_ADC_ConvCpltCallback
                0x08002df4       0x24 ./Core/Src/main.o
                0x08002df4                HAL_ADC_ConvCpltCallback
 .text.USART3_SendString
                0x08002e18       0x34 ./Core/Src/main.o
                0x08002e18                USART3_SendString
 .text.PrintCANLog
                0x08002e4c      0x100 ./Core/Src/main.o
                0x08002e4c                PrintCANLog
 .text.HAL_UART_RxCpltCallback
                0x08002f4c       0xc8 ./Core/Src/main.o
                0x08002f4c                HAL_UART_RxCpltCallback
 .text.HAL_UART_ErrorCallback
                0x08003014       0x70 ./Core/Src/main.o
                0x08003014                HAL_UART_ErrorCallback
 .text.Caculate_CRC8_SAE_J1850
                0x08003084       0x76 ./Core/Src/main.o
                0x08003084                Caculate_CRC8_SAE_J1850
 .text.Error_Handler
                0x080030fa        0xc ./Core/Src/main.o
                0x080030fa                Error_Handler
 *fill*         0x08003106        0x2 
 .text.HAL_MspInit
                0x08003108       0x50 ./Core/Src/stm32f4xx_hal_msp.o
                0x08003108                HAL_MspInit
 .text.HAL_ADC_MspInit
                0x08003158       0xa8 ./Core/Src/stm32f4xx_hal_msp.o
                0x08003158                HAL_ADC_MspInit
 .text.HAL_CAN_MspInit
                0x08003200      0x160 ./Core/Src/stm32f4xx_hal_msp.o
                0x08003200                HAL_CAN_MspInit
 .text.HAL_UART_MspInit
                0x08003360       0xa0 ./Core/Src/stm32f4xx_hal_msp.o
                0x08003360                HAL_UART_MspInit
 .text.NMI_Handler
                0x08003400        0x8 ./Core/Src/stm32f4xx_it.o
                0x08003400                NMI_Handler
 .text.HardFault_Handler
                0x08003408        0x8 ./Core/Src/stm32f4xx_it.o
                0x08003408                HardFault_Handler
 .text.MemManage_Handler
                0x08003410        0x8 ./Core/Src/stm32f4xx_it.o
                0x08003410                MemManage_Handler
 .text.BusFault_Handler
                0x08003418        0x8 ./Core/Src/stm32f4xx_it.o
                0x08003418                BusFault_Handler
 .text.UsageFault_Handler
                0x08003420        0x8 ./Core/Src/stm32f4xx_it.o
                0x08003420                UsageFault_Handler
 .text.SVC_Handler
                0x08003428        0xe ./Core/Src/stm32f4xx_it.o
                0x08003428                SVC_Handler
 .text.DebugMon_Handler
                0x08003436        0xe ./Core/Src/stm32f4xx_it.o
                0x08003436                DebugMon_Handler
 .text.PendSV_Handler
                0x08003444        0xe ./Core/Src/stm32f4xx_it.o
                0x08003444                PendSV_Handler
 *fill*         0x08003452        0x2 
 .text.SysTick_Handler
                0x08003454       0x1c ./Core/Src/stm32f4xx_it.o
                0x08003454                SysTick_Handler
 .text.EXTI0_IRQHandler
                0x08003470       0x54 ./Core/Src/stm32f4xx_it.o
                0x08003470                EXTI0_IRQHandler
 .text.CAN1_RX0_IRQHandler
                0x080034c4      0x47c ./Core/Src/stm32f4xx_it.o
                0x080034c4                CAN1_RX0_IRQHandler
 .text.USART3_IRQHandler
                0x08003940       0x20 ./Core/Src/stm32f4xx_it.o
                0x08003940                USART3_IRQHandler
 .text.DMA2_Stream0_IRQHandler
                0x08003960       0x14 ./Core/Src/stm32f4xx_it.o
                0x08003960                DMA2_Stream0_IRQHandler
 .text.CAN2_RX0_IRQHandler
                0x08003974       0x5c ./Core/Src/stm32f4xx_it.o
                0x08003974                CAN2_RX0_IRQHandler
 .text._sbrk    0x080039d0       0x6c ./Core/Src/sysmem.o
                0x080039d0                _sbrk
 .text.SystemInit
                0x08003a3c       0x24 ./Core/Src/system_stm32f4xx.o
                0x08003a3c                SystemInit
 .text.Reset_Handler
                0x08003a60       0x50 ./Core/Startup/startup_stm32f405rgtx.o
                0x08003a60                Reset_Handler
 .text.Default_Handler
                0x08003ab0        0x2 ./Core/Startup/startup_stm32f405rgtx.o
                0x08003ab0                RTC_Alarm_IRQHandler
                0x08003ab0                HASH_RNG_IRQHandler
                0x08003ab0                EXTI2_IRQHandler
                0x08003ab0                TIM8_CC_IRQHandler
                0x08003ab0                TIM1_CC_IRQHandler
                0x08003ab0                DMA2_Stream5_IRQHandler
                0x08003ab0                DMA1_Stream5_IRQHandler
                0x08003ab0                PVD_IRQHandler
                0x08003ab0                SDIO_IRQHandler
                0x08003ab0                TAMP_STAMP_IRQHandler
                0x08003ab0                CAN2_RX1_IRQHandler
                0x08003ab0                EXTI3_IRQHandler
                0x08003ab0                TIM8_TRG_COM_TIM14_IRQHandler
                0x08003ab0                TIM1_UP_TIM10_IRQHandler
                0x08003ab0                TIM8_UP_TIM13_IRQHandler
                0x08003ab0                I2C3_ER_IRQHandler
                0x08003ab0                I2C2_EV_IRQHandler
                0x08003ab0                DMA1_Stream2_IRQHandler
                0x08003ab0                FPU_IRQHandler
                0x08003ab0                OTG_HS_WKUP_IRQHandler
                0x08003ab0                CAN2_SCE_IRQHandler
                0x08003ab0                DMA2_Stream2_IRQHandler
                0x08003ab0                SPI1_IRQHandler
                0x08003ab0                TIM6_DAC_IRQHandler
                0x08003ab0                TIM1_BRK_TIM9_IRQHandler
                0x08003ab0                DMA2_Stream3_IRQHandler
                0x08003ab0                USART6_IRQHandler
                0x08003ab0                CAN1_RX1_IRQHandler
                0x08003ab0                UART5_IRQHandler
                0x08003ab0                TIM4_IRQHandler
                0x08003ab0                I2C1_EV_IRQHandler
                0x08003ab0                DMA1_Stream6_IRQHandler
                0x08003ab0                DMA1_Stream1_IRQHandler
                0x08003ab0                UART4_IRQHandler
                0x08003ab0                TIM3_IRQHandler
                0x08003ab0                RCC_IRQHandler
                0x08003ab0                TIM8_BRK_TIM12_IRQHandler
                0x08003ab0                Default_Handler
                0x08003ab0                EXTI15_10_IRQHandler
                0x08003ab0                ADC_IRQHandler
                0x08003ab0                DMA1_Stream7_IRQHandler
                0x08003ab0                TIM7_IRQHandler
                0x08003ab0                CAN2_TX_IRQHandler
                0x08003ab0                TIM5_IRQHandler
                0x08003ab0                DMA2_Stream7_IRQHandler
                0x08003ab0                I2C3_EV_IRQHandler
                0x08003ab0                EXTI9_5_IRQHandler
                0x08003ab0                RTC_WKUP_IRQHandler
                0x08003ab0                SPI2_IRQHandler
                0x08003ab0                OTG_HS_EP1_IN_IRQHandler
                0x08003ab0                DMA1_Stream0_IRQHandler
                0x08003ab0                CAN1_TX_IRQHandler
                0x08003ab0                EXTI4_IRQHandler
                0x08003ab0                FSMC_IRQHandler
                0x08003ab0                OTG_HS_EP1_OUT_IRQHandler
                0x08003ab0                WWDG_IRQHandler
                0x08003ab0                TIM2_IRQHandler
                0x08003ab0                OTG_FS_WKUP_IRQHandler
                0x08003ab0                TIM1_TRG_COM_TIM11_IRQHandler
                0x08003ab0                OTG_HS_IRQHandler
                0x08003ab0                EXTI1_IRQHandler
                0x08003ab0                USART2_IRQHandler
                0x08003ab0                I2C2_ER_IRQHandler
                0x08003ab0                DMA2_Stream1_IRQHandler
                0x08003ab0                CAN1_SCE_IRQHandler
                0x08003ab0                FLASH_IRQHandler
                0x08003ab0                DMA2_Stream4_IRQHandler
                0x08003ab0                USART1_IRQHandler
                0x08003ab0                OTG_FS_IRQHandler
                0x08003ab0                SPI3_IRQHandler
                0x08003ab0                DMA1_Stream4_IRQHandler
                0x08003ab0                I2C1_ER_IRQHandler
                0x08003ab0                DMA2_Stream6_IRQHandler
                0x08003ab0                DMA1_Stream3_IRQHandler
 *fill*         0x08003ab2        0x2 
 .text.HAL_Init
                0x08003ab4       0x44 ./Drivers/STM32F4xx_HAL_Driver/Src/stm32f4xx_hal.o
                0x08003ab4                HAL_Init
 .text.HAL_InitTick
                0x08003af8       0x60 ./Drivers/STM32F4xx_HAL_Driver/Src/stm32f4xx_hal.o
                0x08003af8                HAL_InitTick
 .text.HAL_IncTick
                0x08003b58       0x28 ./Drivers/STM32F4xx_HAL_Driver/Src/stm32f4xx_hal.o
                0x08003b58                HAL_IncTick
 .text.HAL_GetTick
                0x08003b80       0x18 ./Drivers/STM32F4xx_HAL_Driver/Src/stm32f4xx_hal.o
                0x08003b80                HAL_GetTick
 .text.HAL_Delay
                0x08003b98       0x48 ./Drivers/STM32F4xx_HAL_Driver/Src/stm32f4xx_hal.o
                0x08003b98                HAL_Delay
 .text.HAL_ADC_Init
                0x08003be0       0x86 ./Drivers/STM32F4xx_HAL_Driver/Src/stm32f4xx_hal_adc.o
                0x08003be0                HAL_ADC_Init
 *fill*         0x08003c66        0x2 
 .text.HAL_ADC_Start_DMA
                0x08003c68      0x228 ./Drivers/STM32F4xx_HAL_Driver/Src/stm32f4xx_hal_adc.o
                0x08003c68                HAL_ADC_Start_DMA
 .text.HAL_ADC_ConvHalfCpltCallback
                0x08003e90       0x14 ./Drivers/STM32F4xx_HAL_Driver/Src/stm32f4xx_hal_adc.o
                0x08003e90                HAL_ADC_ConvHalfCpltCallback
 .text.HAL_ADC_ErrorCallback
                0x08003ea4       0x14 ./Drivers/STM32F4xx_HAL_Driver/Src/stm32f4xx_hal_adc.o
                0x08003ea4                HAL_ADC_ErrorCallback
 .text.HAL_ADC_ConfigChannel
                0x08003eb8      0x244 ./Drivers/STM32F4xx_HAL_Driver/Src/stm32f4xx_hal_adc.o
                0x08003eb8                HAL_ADC_ConfigChannel
 .text.ADC_Init
                0x080040fc      0x1f8 ./Drivers/STM32F4xx_HAL_Driver/Src/stm32f4xx_hal_adc.o
 .text.ADC_DMAConvCplt
                0x080042f4       0xba ./Drivers/STM32F4xx_HAL_Driver/Src/stm32f4xx_hal_adc.o
 .text.ADC_DMAHalfConvCplt
                0x080043ae       0x1c ./Drivers/STM32F4xx_HAL_Driver/Src/stm32f4xx_hal_adc.o
 .text.ADC_DMAError
                0x080043ca       0x2e ./Drivers/STM32F4xx_HAL_Driver/Src/stm32f4xx_hal_adc.o
 .text.HAL_CAN_Init
                0x080043f8      0x1f6 ./Drivers/STM32F4xx_HAL_Driver/Src/stm32f4xx_hal_can.o
                0x080043f8                HAL_CAN_Init
 *fill*         0x080045ee        0x2 
 .text.HAL_CAN_ConfigFilter
                0x080045f0      0x1bc ./Drivers/STM32F4xx_HAL_Driver/Src/stm32f4xx_hal_can.o
                0x080045f0                HAL_CAN_ConfigFilter
 .text.HAL_CAN_Start
                0x080047ac       0x88 ./Drivers/STM32F4xx_HAL_Driver/Src/stm32f4xx_hal_can.o
                0x080047ac                HAL_CAN_Start
 .text.HAL_CAN_AddTxMessage
                0x08004834      0x1a0 ./Drivers/STM32F4xx_HAL_Driver/Src/stm32f4xx_hal_can.o
                0x08004834                HAL_CAN_AddTxMessage
 .text.HAL_CAN_GetTxMailboxesFreeLevel
                0x080049d4       0x6a ./Drivers/STM32F4xx_HAL_Driver/Src/stm32f4xx_hal_can.o
                0x080049d4                HAL_CAN_GetTxMailboxesFreeLevel
 .text.HAL_CAN_GetRxMessage
                0x08004a3e      0x244 ./Drivers/STM32F4xx_HAL_Driver/Src/stm32f4xx_hal_can.o
                0x08004a3e                HAL_CAN_GetRxMessage
 .text.HAL_CAN_GetRxFifoFillLevel
                0x08004c82       0x50 ./Drivers/STM32F4xx_HAL_Driver/Src/stm32f4xx_hal_can.o
                0x08004c82                HAL_CAN_GetRxFifoFillLevel
 .text.HAL_CAN_ActivateNotification
                0x08004cd2       0x4c ./Drivers/STM32F4xx_HAL_Driver/Src/stm32f4xx_hal_can.o
                0x08004cd2                HAL_CAN_ActivateNotification
 .text.HAL_CAN_IRQHandler
                0x08004d1e      0x36e ./Drivers/STM32F4xx_HAL_Driver/Src/stm32f4xx_hal_can.o
                0x08004d1e                HAL_CAN_IRQHandler
 .text.HAL_CAN_TxMailbox0CompleteCallback
                0x0800508c       0x14 ./Drivers/STM32F4xx_HAL_Driver/Src/stm32f4xx_hal_can.o
                0x0800508c                HAL_CAN_TxMailbox0CompleteCallback
 .text.HAL_CAN_TxMailbox1CompleteCallback
                0x080050a0       0x14 ./Drivers/STM32F4xx_HAL_Driver/Src/stm32f4xx_hal_can.o
                0x080050a0                HAL_CAN_TxMailbox1CompleteCallback
 .text.HAL_CAN_TxMailbox2CompleteCallback
                0x080050b4       0x14 ./Drivers/STM32F4xx_HAL_Driver/Src/stm32f4xx_hal_can.o
                0x080050b4                HAL_CAN_TxMailbox2CompleteCallback
 .text.HAL_CAN_TxMailbox0AbortCallback
                0x080050c8       0x14 ./Drivers/STM32F4xx_HAL_Driver/Src/stm32f4xx_hal_can.o
                0x080050c8                HAL_CAN_TxMailbox0AbortCallback
 .text.HAL_CAN_TxMailbox1AbortCallback
                0x080050dc       0x14 ./Drivers/STM32F4xx_HAL_Driver/Src/stm32f4xx_hal_can.o
                0x080050dc                HAL_CAN_TxMailbox1AbortCallback
 .text.HAL_CAN_TxMailbox2AbortCallback
                0x080050f0       0x14 ./Drivers/STM32F4xx_HAL_Driver/Src/stm32f4xx_hal_can.o
                0x080050f0                HAL_CAN_TxMailbox2AbortCallback
 .text.HAL_CAN_RxFifo0MsgPendingCallback
                0x08005104       0x14 ./Drivers/STM32F4xx_HAL_Driver/Src/stm32f4xx_hal_can.o
                0x08005104                HAL_CAN_RxFifo0MsgPendingCallback
 .text.HAL_CAN_RxFifo0FullCallback
                0x08005118       0x14 ./Drivers/STM32F4xx_HAL_Driver/Src/stm32f4xx_hal_can.o
                0x08005118                HAL_CAN_RxFifo0FullCallback
 .text.HAL_CAN_RxFifo1MsgPendingCallback
                0x0800512c       0x14 ./Drivers/STM32F4xx_HAL_Driver/Src/stm32f4xx_hal_can.o
                0x0800512c                HAL_CAN_RxFifo1MsgPendingCallback
 .text.HAL_CAN_RxFifo1FullCallback
                0x08005140       0x14 ./Drivers/STM32F4xx_HAL_Driver/Src/stm32f4xx_hal_can.o
                0x08005140                HAL_CAN_RxFifo1FullCallback
 .text.HAL_CAN_SleepCallback
                0x08005154       0x14 ./Drivers/STM32F4xx_HAL_Driver/Src/stm32f4xx_hal_can.o
                0x08005154                HAL_CAN_SleepCallback
 .text.HAL_CAN_WakeUpFromRxMsgCallback
                0x08005168       0x14 ./Drivers/STM32F4xx_HAL_Driver/Src/stm32f4xx_hal_can.o
                0x08005168                HAL_CAN_WakeUpFromRxMsgCallback
 .text.HAL_CAN_ErrorCallback
                0x0800517c       0x14 ./Drivers/STM32F4xx_HAL_Driver/Src/stm32f4xx_hal_can.o
                0x0800517c                HAL_CAN_ErrorCallback
 .text.__NVIC_SetPriorityGrouping
                0x08005190       0x48 ./Drivers/STM32F4xx_HAL_Driver/Src/stm32f4xx_hal_cortex.o
 .text.__NVIC_GetPriorityGrouping
                0x080051d8       0x1c ./Drivers/STM32F4xx_HAL_Driver/Src/stm32f4xx_hal_cortex.o
 .text.__NVIC_EnableIRQ
                0x080051f4       0x3c ./Drivers/STM32F4xx_HAL_Driver/Src/stm32f4xx_hal_cortex.o
 .text.__NVIC_SetPriority
                0x08005230       0x54 ./Drivers/STM32F4xx_HAL_Driver/Src/stm32f4xx_hal_cortex.o
 .text.NVIC_EncodePriority
                0x08005284       0x66 ./Drivers/STM32F4xx_HAL_Driver/Src/stm32f4xx_hal_cortex.o
 *fill*         0x080052ea        0x2 
 .text.SysTick_Config
                0x080052ec       0x44 ./Drivers/STM32F4xx_HAL_Driver/Src/stm32f4xx_hal_cortex.o
 .text.HAL_NVIC_SetPriorityGrouping
                0x08005330       0x16 ./Drivers/STM32F4xx_HAL_Driver/Src/stm32f4xx_hal_cortex.o
                0x08005330                HAL_NVIC_SetPriorityGrouping
 .text.HAL_NVIC_SetPriority
                0x08005346       0x38 ./Drivers/STM32F4xx_HAL_Driver/Src/stm32f4xx_hal_cortex.o
                0x08005346                HAL_NVIC_SetPriority
 .text.HAL_NVIC_EnableIRQ
                0x0800537e       0x1c ./Drivers/STM32F4xx_HAL_Driver/Src/stm32f4xx_hal_cortex.o
                0x0800537e                HAL_NVIC_EnableIRQ
 .text.HAL_SYSTICK_Config
                0x0800539a       0x18 ./Drivers/STM32F4xx_HAL_Driver/Src/stm32f4xx_hal_cortex.o
                0x0800539a                HAL_SYSTICK_Config
 *fill*         0x080053b2        0x2 
 .text.HAL_DMA_Init
                0x080053b4      0x15c ./Drivers/STM32F4xx_HAL_Driver/Src/stm32f4xx_hal_dma.o
                0x080053b4                HAL_DMA_Init
 .text.HAL_DMA_Start_IT
                0x08005510       0xb0 ./Drivers/STM32F4xx_HAL_Driver/Src/stm32f4xx_hal_dma.o
                0x08005510                HAL_DMA_Start_IT
 .text.HAL_DMA_Abort
                0x080055c0       0xe0 ./Drivers/STM32F4xx_HAL_Driver/Src/stm32f4xx_hal_dma.o
                0x080055c0                HAL_DMA_Abort
 .text.HAL_DMA_Abort_IT
                0x080056a0       0x44 ./Drivers/STM32F4xx_HAL_Driver/Src/stm32f4xx_hal_dma.o
                0x080056a0                HAL_DMA_Abort_IT
 .text.HAL_DMA_IRQHandler
                0x080056e4      0x314 ./Drivers/STM32F4xx_HAL_Driver/Src/stm32f4xx_hal_dma.o
                0x080056e4                HAL_DMA_IRQHandler
 .text.DMA_SetConfig
                0x080059f8       0x5c ./Drivers/STM32F4xx_HAL_Driver/Src/stm32f4xx_hal_dma.o
 .text.DMA_CalcBaseAndBitshift
                0x08005a54       0x6c ./Drivers/STM32F4xx_HAL_Driver/Src/stm32f4xx_hal_dma.o
 .text.DMA_CheckFifoParam
                0x08005ac0       0xf8 ./Drivers/STM32F4xx_HAL_Driver/Src/stm32f4xx_hal_dma.o
 .text.HAL_GPIO_Init
                0x08005bb8      0x338 ./Drivers/STM32F4xx_HAL_Driver/Src/stm32f4xx_hal_gpio.o
                0x08005bb8                HAL_GPIO_Init
 .text.HAL_GPIO_WritePin
                0x08005ef0       0x32 ./Drivers/STM32F4xx_HAL_Driver/Src/stm32f4xx_hal_gpio.o
                0x08005ef0                HAL_GPIO_WritePin
 *fill*         0x08005f22        0x2 
 .text.HAL_GPIO_EXTI_IRQHandler
                0x08005f24       0x30 ./Drivers/STM32F4xx_HAL_Driver/Src/stm32f4xx_hal_gpio.o
                0x08005f24                HAL_GPIO_EXTI_IRQHandler
 .text.HAL_GPIO_EXTI_Callback
                0x08005f54       0x16 ./Drivers/STM32F4xx_HAL_Driver/Src/stm32f4xx_hal_gpio.o
                0x08005f54                HAL_GPIO_EXTI_Callback
 *fill*         0x08005f6a        0x2 
 .text.HAL_RCC_OscConfig
                0x08005f6c      0x4f0 ./Drivers/STM32F4xx_HAL_Driver/Src/stm32f4xx_hal_rcc.o
                0x08005f6c                HAL_RCC_OscConfig
 .text.HAL_RCC_ClockConfig
                0x0800645c      0x1cc ./Drivers/STM32F4xx_HAL_Driver/Src/stm32f4xx_hal_rcc.o
                0x0800645c                HAL_RCC_ClockConfig
 .text.HAL_RCC_GetSysClockFreq
                0x08006628      0x20c ./Drivers/STM32F4xx_HAL_Driver/Src/stm32f4xx_hal_rcc.o
                0x08006628                HAL_RCC_GetSysClockFreq
 .text.HAL_RCC_GetHCLKFreq
                0x08006834       0x18 ./Drivers/STM32F4xx_HAL_Driver/Src/stm32f4xx_hal_rcc.o
                0x08006834                HAL_RCC_GetHCLKFreq
 .text.HAL_RCC_GetPCLK1Freq
                0x0800684c       0x28 ./Drivers/STM32F4xx_HAL_Driver/Src/stm32f4xx_hal_rcc.o
                0x0800684c                HAL_RCC_GetPCLK1Freq
 .text.HAL_RCC_GetPCLK2Freq
                0x08006874       0x28 ./Drivers/STM32F4xx_HAL_Driver/Src/stm32f4xx_hal_rcc.o
                0x08006874                HAL_RCC_GetPCLK2Freq
 .text.HAL_UART_Init
                0x0800689c       0xa0 ./Drivers/STM32F4xx_HAL_Driver/Src/stm32f4xx_hal_uart.o
                0x0800689c                HAL_UART_Init
 .text.HAL_UART_Transmit
                0x0800693c      0x116 ./Drivers/STM32F4xx_HAL_Driver/Src/stm32f4xx_hal_uart.o
                0x0800693c                HAL_UART_Transmit
 .text.HAL_UART_Receive_IT
                0x08006a52       0x4a ./Drivers/STM32F4xx_HAL_Driver/Src/stm32f4xx_hal_uart.o
                0x08006a52                HAL_UART_Receive_IT
 .text.HAL_UART_IRQHandler
                0x08006a9c      0x554 ./Drivers/STM32F4xx_HAL_Driver/Src/stm32f4xx_hal_uart.o
                0x08006a9c                HAL_UART_IRQHandler
 .text.HAL_UART_TxCpltCallback
                0x08006ff0       0x14 ./Drivers/STM32F4xx_HAL_Driver/Src/stm32f4xx_hal_uart.o
                0x08006ff0                HAL_UART_TxCpltCallback
 .text.HAL_UARTEx_RxEventCallback
                0x08007004       0x18 ./Drivers/STM32F4xx_HAL_Driver/Src/stm32f4xx_hal_uart.o
                0x08007004                HAL_UARTEx_RxEventCallback
 .text.UART_WaitOnFlagUntilTimeout
                0x0800701c       0xb2 ./Drivers/STM32F4xx_HAL_Driver/Src/stm32f4xx_hal_uart.o
 .text.UART_Start_Receive_IT
                0x080070ce       0x74 ./Drivers/STM32F4xx_HAL_Driver/Src/stm32f4xx_hal_uart.o
                0x080070ce                UART_Start_Receive_IT
 .text.UART_EndRxTransfer
                0x08007142       0xc6 ./Drivers/STM32F4xx_HAL_Driver/Src/stm32f4xx_hal_uart.o
 .text.UART_DMAAbortOnError
                0x08007208       0x22 ./Drivers/STM32F4xx_HAL_Driver/Src/stm32f4xx_hal_uart.o
 .text.UART_Transmit_IT
                0x0800722a       0xa0 ./Drivers/STM32F4xx_HAL_Driver/Src/stm32f4xx_hal_uart.o
 .text.UART_EndTransmit_IT
                0x080072ca       0x30 ./Drivers/STM32F4xx_HAL_Driver/Src/stm32f4xx_hal_uart.o
 .text.UART_Receive_IT
                0x080072fa      0x17c ./Drivers/STM32F4xx_HAL_Driver/Src/stm32f4xx_hal_uart.o
 *fill*         0x08007476        0x2 
 .text.UART_SetConfig
                0x08007478      0x4e8 ./Drivers/STM32F4xx_HAL_Driver/Src/stm32f4xx_hal_uart.o
 .text.sprintf  0x08007960       0x44 C:/ST/STM32CubeIDE_2.2.0/STM32CubeIDE/plugins/com.st.stm32cube.ide.mcu.externaltools.gnu-tools-for-stm32.14.3.rel1.win32_1.0.100.202602081740/tools/bin/../lib/gcc/arm-none-eabi/14.3.1/../../../../arm-none-eabi/lib/thumb/v7e-m+fp/hard\libc_nano.a(libc_a-sprintf.o)
                0x08007960                siprintf
                0x08007960                sprintf
 .text.memset   0x080079a4       0x10 C:/ST/STM32CubeIDE_2.2.0/STM32CubeIDE/plugins/com.st.stm32cube.ide.mcu.externaltools.gnu-tools-for-stm32.14.3.rel1.win32_1.0.100.202602081740/tools/bin/../lib/gcc/arm-none-eabi/14.3.1/../../../../arm-none-eabi/lib/thumb/v7e-m+fp/hard\libc_nano.a(libc_a-memset.o)
                0x080079a4                memset
 .text.__errno  0x080079b4        0xc C:/ST/STM32CubeIDE_2.2.0/STM32CubeIDE/plugins/com.st.stm32cube.ide.mcu.externaltools.gnu-tools-for-stm32.14.3.rel1.win32_1.0.100.202602081740/tools/bin/../lib/gcc/arm-none-eabi/14.3.1/../../../../arm-none-eabi/lib/thumb/v7e-m+fp/hard\libc_nano.a(libc_a-errno.o)
                0x080079b4                __errno
 .text.__libc_init_array
                0x080079c0       0x48 C:/ST/STM32CubeIDE_2.2.0/STM32CubeIDE/plugins/com.st.stm32cube.ide.mcu.externaltools.gnu-tools-for-stm32.14.3.rel1.win32_1.0.100.202602081740/tools/bin/../lib/gcc/arm-none-eabi/14.3.1/../../../../arm-none-eabi/lib/thumb/v7e-m+fp/hard\libc_nano.a(libc_a-init.o)
                0x080079c0                __libc_init_array
 .text.__retarget_lock_acquire_recursive
                0x08007a08        0x2 C:/ST/STM32CubeIDE_2.2.0/STM32CubeIDE/plugins/com.st.stm32cube.ide.mcu.externaltools.gnu-tools-for-stm32.14.3.rel1.win32_1.0.100.202602081740/tools/bin/../lib/gcc/arm-none-eabi/14.3.1/../../../../arm-none-eabi/lib/thumb/v7e-m+fp/hard\libc_nano.a(libc_a-lock.o)
                0x08007a08                __retarget_lock_acquire_recursive
 .text.__retarget_lock_release_recursive
                0x08007a0a        0x2 C:/ST/STM32CubeIDE_2.2.0/STM32CubeIDE/plugins/com.st.stm32cube.ide.mcu.externaltools.gnu-tools-for-stm32.14.3.rel1.win32_1.0.100.202602081740/tools/bin/../lib/gcc/arm-none-eabi/14.3.1/../../../../arm-none-eabi/lib/thumb/v7e-m+fp/hard\libc_nano.a(libc_a-lock.o)
                0x08007a0a                __retarget_lock_release_recursive
 .text._free_r  0x08007a0c       0x94 C:/ST/STM32CubeIDE_2.2.0/STM32CubeIDE/plugins/com.st.stm32cube.ide.mcu.externaltools.gnu-tools-for-stm32.14.3.rel1.win32_1.0.100.202602081740/tools/bin/../lib/gcc/arm-none-eabi/14.3.1/../../../../arm-none-eabi/lib/thumb/v7e-m+fp/hard\libc_nano.a(libc_a-freer.o)
                0x08007a0c                _free_r
 .text.sbrk_aligned
                0x08007aa0       0x44 C:/ST/STM32CubeIDE_2.2.0/STM32CubeIDE/plugins/com.st.stm32cube.ide.mcu.externaltools.gnu-tools-for-stm32.14.3.rel1.win32_1.0.100.202602081740/tools/bin/../lib/gcc/arm-none-eabi/14.3.1/../../../../arm-none-eabi/lib/thumb/v7e-m+fp/hard\libc_nano.a(libc_a-mallocr.o)
 .text._malloc_r
                0x08007ae4      0x100 C:/ST/STM32CubeIDE_2.2.0/STM32CubeIDE/plugins/com.st.stm32cube.ide.mcu.externaltools.gnu-tools-for-stm32.14.3.rel1.win32_1.0.100.202602081740/tools/bin/../lib/gcc/arm-none-eabi/14.3.1/../../../../arm-none-eabi/lib/thumb/v7e-m+fp/hard\libc_nano.a(libc_a-mallocr.o)
                0x08007ae4                _malloc_r
 .text.__malloc_lock
                0x08007be4        0xc C:/ST/STM32CubeIDE_2.2.0/STM32CubeIDE/plugins/com.st.stm32cube.ide.mcu.externaltools.gnu-tools-for-stm32.14.3.rel1.win32_1.0.100.202602081740/tools/bin/../lib/gcc/arm-none-eabi/14.3.1/../../../../arm-none-eabi/lib/thumb/v7e-m+fp/hard\libc_nano.a(libc_a-mlock.o)
                0x08007be4                __malloc_lock
 .text.__malloc_unlock
                0x08007bf0        0xc C:/ST/STM32CubeIDE_2.2.0/STM32CubeIDE/plugins/com.st.stm32cube.ide.mcu.externaltools.gnu-tools-for-stm32.14.3.rel1.win32_1.0.100.202602081740/tools/bin/../lib/gcc/arm-none-eabi/14.3.1/../../../../arm-none-eabi/lib/thumb/v7e-m+fp/hard\libc_nano.a(libc_a-mlock.o)
                0x08007bf0                __malloc_unlock
 .text.__ssputs_r
                0x08007bfc       0xc0 C:/ST/STM32CubeIDE_2.2.0/STM32CubeIDE/plugins/com.st.stm32cube.ide.mcu.externaltools.gnu-tools-for-stm32.14.3.rel1.win32_1.0.100.202602081740/tools/bin/../lib/gcc/arm-none-eabi/14.3.1/../../../../arm-none-eabi/lib/thumb/v7e-m+fp/hard\libc_nano.a(libc_a-nano-svfprintf.o)
                0x08007bfc                __ssputs_r
 .text._svfprintf_r
                0x08007cbc      0x1f0 C:/ST/STM32CubeIDE_2.2.0/STM32CubeIDE/plugins/com.st.stm32cube.ide.mcu.externaltools.gnu-tools-for-stm32.14.3.rel1.win32_1.0.100.202602081740/tools/bin/../lib/gcc/arm-none-eabi/14.3.1/../../../../arm-none-eabi/lib/thumb/v7e-m+fp/hard\libc_nano.a(libc_a-nano-svfprintf.o)
                0x08007cbc                _svfiprintf_r
                0x08007cbc                _svfprintf_r
 .text._printf_common
                0x08007eac       0xda C:/ST/STM32CubeIDE_2.2.0/STM32CubeIDE/plugins/com.st.stm32cube.ide.mcu.externaltools.gnu-tools-for-stm32.14.3.rel1.win32_1.0.100.202602081740/tools/bin/../lib/gcc/arm-none-eabi/14.3.1/../../../../arm-none-eabi/lib/thumb/v7e-m+fp/hard\libc_nano.a(libc_a-nano-vfprintf_i.o)
                0x08007eac                _printf_common
 *fill*         0x08007f86        0x2 
 .text._printf_i
                0x08007f88      0x24c C:/ST/STM32CubeIDE_2.2.0/STM32CubeIDE/plugins/com.st.stm32cube.ide.mcu.externaltools.gnu-tools-for-stm32.14.3.rel1.win32_1.0.100.202602081740/tools/bin/../lib/gcc/arm-none-eabi/14.3.1/../../../../arm-none-eabi/lib/thumb/v7e-m+fp/hard\libc_nano.a(libc_a-nano-vfprintf_i.o)
                0x08007f88                _printf_i
 .text.memmove  0x080081d4       0x32 C:/ST/STM32CubeIDE_2.2.0/STM32CubeIDE/plugins/com.st.stm32cube.ide.mcu.externaltools.gnu-tools-for-stm32.14.3.rel1.win32_1.0.100.202602081740/tools/bin/../lib/gcc/arm-none-eabi/14.3.1/../../../../arm-none-eabi/lib/thumb/v7e-m+fp/hard\libc_nano.a(libc_a-memmove.o)
                0x080081d4                memmove
 *fill*         0x08008206        0x2 
 .text._sbrk_r  0x08008208       0x20 C:/ST/STM32CubeIDE_2.2.0/STM32CubeIDE/plugins/com.st.stm32cube.ide.mcu.externaltools.gnu-tools-for-stm32.14.3.rel1.win32_1.0.100.202602081740/tools/bin/../lib/gcc/arm-none-eabi/14.3.1/../../../../arm-none-eabi/lib/thumb/v7e-m+fp/hard\libc_nano.a(libc_a-sbrkr.o)
                0x08008208                _sbrk_r
 .text.memcpy   0x08008228       0x1c C:/ST/STM32CubeIDE_2.2.0/STM32CubeIDE/plugins/com.st.stm32cube.ide.mcu.externaltools.gnu-tools-for-stm32.14.3.rel1.win32_1.0.100.202602081740/tools/bin/../lib/gcc/arm-none-eabi/14.3.1/../../../../arm-none-eabi/lib/thumb/v7e-m+fp/hard\libc_nano.a(libc_a-memcpy-stub.o)
                0x08008228                memcpy
 .text._realloc_r
                0x08008244       0x5c C:/ST/STM32CubeIDE_2.2.0/STM32CubeIDE/plugins/com.st.stm32cube.ide.mcu.externaltools.gnu-tools-for-stm32.14.3.rel1.win32_1.0.100.202602081740/tools/bin/../lib/gcc/arm-none-eabi/14.3.1/../../../../arm-none-eabi/lib/thumb/v7e-m+fp/hard\libc_nano.a(libc_a-reallocr.o)
                0x08008244                _realloc_r
 .text._malloc_usable_size_r
                0x080082a0       0x10 C:/ST/STM32CubeIDE_2.2.0/STM32CubeIDE/plugins/com.st.stm32cube.ide.mcu.externaltools.gnu-tools-for-stm32.14.3.rel1.win32_1.0.100.202602081740/tools/bin/../lib/gcc/arm-none-eabi/14.3.1/../../../../arm-none-eabi/lib/thumb/v7e-m+fp/hard\libc_nano.a(libc_a-msizer.o)
                0x080082a0                _malloc_usable_size_r
 *(.glue_7)
 .glue_7        0x080082b0        0x0 linker stubs
 *(.glue_7t)
 .glue_7t       0x080082b0        0x0 linker stubs
 *(.eh_frame)
 .eh_frame      0x080082b0        0x0 C:/ST/STM32CubeIDE_2.2.0/STM32CubeIDE/plugins/com.st.stm32cube.ide.mcu.externaltools.gnu-tools-for-stm32.14.3.rel1.win32_1.0.100.202602081740/tools/bin/../lib/gcc/arm-none-eabi/14.3.1/thumb/v7e-m+fp/hard/crtbegin.o
 *(.init)
 .init          0x080082b0        0x4 C:/ST/STM32CubeIDE_2.2.0/STM32CubeIDE/plugins/com.st.stm32cube.ide.mcu.externaltools.gnu-tools-for-stm32.14.3.rel1.win32_1.0.100.202602081740/tools/bin/../lib/gcc/arm-none-eabi/14.3.1/thumb/v7e-m+fp/hard/crti.o
                0x080082b0                _init
 .init          0x080082b4        0x8 C:/ST/STM32CubeIDE_2.2.0/STM32CubeIDE/plugins/com.st.stm32cube.ide.mcu.externaltools.gnu-tools-for-stm32.14.3.rel1.win32_1.0.100.202602081740/tools/bin/../lib/gcc/arm-none-eabi/14.3.1/thumb/v7e-m+fp/hard/crtn.o
 *(.fini)
 .fini          0x080082bc        0x4 C:/ST/STM32CubeIDE_2.2.0/STM32CubeIDE/plugins/com.st.stm32cube.ide.mcu.externaltools.gnu-tools-for-stm32.14.3.rel1.win32_1.0.100.202602081740/tools/bin/../lib/gcc/arm-none-eabi/14.3.1/thumb/v7e-m+fp/hard/crti.o
                0x080082bc                _fini
 .fini          0x080082c0        0x8 C:/ST/STM32CubeIDE_2.2.0/STM32CubeIDE/plugins/com.st.stm32cube.ide.mcu.externaltools.gnu-tools-for-stm32.14.3.rel1.win32_1.0.100.202602081740/tools/bin/../lib/gcc/arm-none-eabi/14.3.1/thumb/v7e-m+fp/hard/crtn.o
                0x080082c8                        . = ALIGN (0x4)
                0x080082c8                        _etext = .

.vfp11_veneer   0x080082c8        0x0
 .vfp11_veneer  0x080082c8        0x0 linker stubs

.v4_bx          0x080082c8        0x0
 .v4_bx         0x080082c8        0x0 linker stubs

.iplt           0x080082c8        0x0
 .iplt          0x080082c8        0x0 C:/ST/STM32CubeIDE_2.2.0/STM32CubeIDE/plugins/com.st.stm32cube.ide.mcu.externaltools.gnu-tools-for-stm32.14.3.rel1.win32_1.0.100.202602081740/tools/bin/../lib/gcc/arm-none-eabi/14.3.1/thumb/v7e-m+fp/hard/crtbegin.o

.rodata         0x080082c8      0x858
                0x080082c8                        . = ALIGN (0x4)
 *(.rodata)
 .rodata        0x080082c8        0xb ./Core/Src/dcm_rdbi.o
 *fill*         0x080082d3        0x1 
 .rodata        0x080082d4       0x13 ./Core/Src/dcm_seca.o
 *fill*         0x080082e7        0x1 
 .rodata        0x080082e8       0x13 ./Core/Src/dcm_wdbi.o
 *fill*         0x080082fb        0x1 
 .rodata        0x080082fc      0x299 ./Core/Src/lcd_hal.o
 *fill*         0x08008595        0x3 
 .rodata        0x08008598       0x88 ./Core/Src/main.o
 *(.rodata*)
 .rodata.TP_Table
                0x08008620       0x20 ./Core/Src/can_tp.o
                0x08008620                TP_Table
 .rodata.DCM_Table
                0x08008640       0x18 ./Core/Src/dcm.o
                0x08008640                DCM_Table
 .rodata.c_chFont1206
                0x08008658      0x474 ./Core/Src/lcd_hal.o
                0x08008658                c_chFont1206
 .rodata.AHBPrescTable
                0x08008acc       0x10 ./Core/Src/system_stm32f4xx.o
                0x08008acc                AHBPrescTable
 .rodata.APBPrescTable
                0x08008adc        0x8 ./Core/Src/system_stm32f4xx.o
                0x08008adc                APBPrescTable
 .rodata.flagBitshiftOffset.0
                0x08008ae4        0x8 ./Drivers/STM32F4xx_HAL_Driver/Src/stm32f4xx_hal_dma.o
 .rodata._svfprintf_r.str1.1
                0x08008aec       0x33 C:/ST/STM32CubeIDE_2.2.0/STM32CubeIDE/plugins/com.st.stm32cube.ide.mcu.externaltools.gnu-tools-for-stm32.14.3.rel1.win32_1.0.100.202602081740/tools/bin/../lib/gcc/arm-none-eabi/14.3.1/../../../../arm-none-eabi/lib/thumb/v7e-m+fp/hard\libc_nano.a(libc_a-nano-svfprintf.o)
                                 0x11 (size before relaxing)
 .rodata._printf_i.str1.1
                0x08008b1f       0x22 C:/ST/STM32CubeIDE_2.2.0/STM32CubeIDE/plugins/com.st.stm32cube.ide.mcu.externaltools.gnu-tools-for-stm32.14.3.rel1.win32_1.0.100.202602081740/tools/bin/../lib/gcc/arm-none-eabi/14.3.1/../../../../arm-none-eabi/lib/thumb/v7e-m+fp/hard\libc_nano.a(libc_a-nano-vfprintf_i.o)
                0x08008b44                        . = ALIGN (0x4)
 *fill*         0x08008b1f        0x1 

.ARM.extab      0x08008b20        0x0
                0x08008b20                        . = ALIGN (0x4)
 *(.ARM.extab* .gnu.linkonce.armextab.*)
                0x08008b20                        . = ALIGN (0x4)

.ARM            0x08008b20        0x8
                0x08008b20                        . = ALIGN (0x4)
                0x08008b20                        __exidx_start = .
 *(.ARM.exidx*)
 .ARM.exidx     0x08008b20        0x8 C:/ST/STM32CubeIDE_2.2.0/STM32CubeIDE/plugins/com.st.stm32cube.ide.mcu.externaltools.gnu-tools-for-stm32.14.3.rel1.win32_1.0.100.202602081740/tools/bin/../lib/gcc/arm-none-eabi/14.3.1/../../../../arm-none-eabi/lib/thumb/v7e-m+fp/hard\libc_nano.a(libc_a-strlen.o)
 .ARM.exidx     0x08008b28        0x0 C:/ST/STM32CubeIDE_2.2.0/STM32CubeIDE/plugins/com.st.stm32cube.ide.mcu.externaltools.gnu-tools-for-stm32.14.3.rel1.win32_1.0.100.202602081740/tools/bin/../lib/gcc/arm-none-eabi/14.3.1/../../../../arm-none-eabi/lib/thumb/v7e-m+fp/hard\libc_nano.a(libc_a-memchr.o)
                                  0x8 (size before relaxing)
 .ARM.exidx     0x08008b28        0x0 C:/ST/STM32CubeIDE_2.2.0/STM32CubeIDE/plugins/com.st.stm32cube.ide.mcu.externaltools.gnu-tools-for-stm32.14.3.rel1.win32_1.0.100.202602081740/tools/bin/../lib/gcc/arm-none-eabi/14.3.1/thumb/v7e-m+fp/hard\libgcc.a(_udivmoddi4.o)
                                  0x8 (size before relaxing)
                0x08008b28                        __exidx_end = .
                0x08008b28                        . = ALIGN (0x4)

.rel.dyn        0x08008b28        0x0
 .rel.iplt      0x08008b28        0x0 C:/ST/STM32CubeIDE_2.2.0/STM32CubeIDE/plugins/com.st.stm32cube.ide.mcu.externaltools.gnu-tools-for-stm32.14.3.rel1.win32_1.0.100.202602081740/tools/bin/../lib/gcc/arm-none-eabi/14.3.1/thumb/v7e-m+fp/hard/crtbegin.o

.preinit_array  0x08008b28        0x0
                0x08008b28                        . = ALIGN (0x4)
                0x08008b28                        PROVIDE (__preinit_array_start = .)
 *(.preinit_array*)
                0x08008b28                        PROVIDE (__preinit_array_end = .)
                0x08008b28                        . = ALIGN (0x4)

.init_array     0x08008b28        0x4
                0x08008b28                        . = ALIGN (0x4)
                0x08008b28                        PROVIDE (__init_array_start = .)
 *(SORT_BY_NAME(.init_array.*))
 *(.init_array*)
 .init_array    0x08008b28        0x4 C:/ST/STM32CubeIDE_2.2.0/STM32CubeIDE/plugins/com.st.stm32cube.ide.mcu.externaltools.gnu-tools-for-stm32.14.3.rel1.win32_1.0.100.202602081740/tools/bin/../lib/gcc/arm-none-eabi/14.3.1/thumb/v7e-m+fp/hard/crtbegin.o
                0x08008b2c                        PROVIDE (__init_array_end = .)
                0x08008b2c                        . = ALIGN (0x4)

.fini_array     0x08008b2c        0x4
                0x08008b2c                        . = ALIGN (0x4)
                [!provide]                        PROVIDE (__fini_array_start = .)
 *(SORT_BY_NAME(.fini_array.*))
 *(.fini_array*)
 .fini_array    0x08008b2c        0x4 C:/ST/STM32CubeIDE_2.2.0/STM32CubeIDE/plugins/com.st.stm32cube.ide.mcu.externaltools.gnu-tools-for-stm32.14.3.rel1.win32_1.0.100.202602081740/tools/bin/../lib/gcc/arm-none-eabi/14.3.1/thumb/v7e-m+fp/hard/crtbegin.o
                [!provide]                        PROVIDE (__fini_array_end = .)
                0x08008b30                        . = ALIGN (0x4)
                0x08008b30                        _sidata = LOADADDR (.data)

.data           0x20000000       0x80 load address 0x08008b30
                0x20000000                        . = ALIGN (0x4)
                0x20000000                        _sdata = .
 *(.data)
 *(.data*)
 .data.s_tp_rx_expected_sn
                0x20000000        0x1 ./Core/Src/can_tp.o
 *fill*         0x20000001        0x3 
 .data.g_VIN_Buffer
                0x20000004       0x11 ./Core/Src/dcm.o
                0x20000004                g_VIN_Buffer
 *fill*         0x20000015        0x3 
 .data.Current_Seed
                0x20000018        0x6 ./Core/Src/dcm_seca.o
 .data.g_Pending_New_CAN_ID
                0x2000001e        0x2 ./Core/Src/dcm_wdbi.o
                0x2000001e                g_Pending_New_CAN_ID
 .data.g_Current_CAN_ID
                0x20000020        0x2 ./Core/Src/main.o
                0x20000020                g_Current_CAN_ID
 *fill*         0x20000022        0x2 
 .data.SystemCoreClock
                0x20000024        0x4 ./Core/Src/system_stm32f4xx.o
                0x20000024                SystemCoreClock
 .data.uwTickPrio
                0x20000028        0x4 ./Drivers/STM32F4xx_HAL_Driver/Src/stm32f4xx_hal.o
                0x20000028                uwTickPrio
 .data.uwTickFreq
                0x2000002c        0x1 ./Drivers/STM32F4xx_HAL_Driver/Src/stm32f4xx_hal.o
                0x2000002c                uwTickFreq
 *fill*         0x2000002d        0x3 
 .data._impure_ptr
                0x20000030        0x4 C:/ST/STM32CubeIDE_2.2.0/STM32CubeIDE/plugins/com.st.stm32cube.ide.mcu.externaltools.gnu-tools-for-stm32.14.3.rel1.win32_1.0.100.202602081740/tools/bin/../lib/gcc/arm-none-eabi/14.3.1/../../../../arm-none-eabi/lib/thumb/v7e-m+fp/hard\libc_nano.a(libc_a-impure.o)
                0x20000030                _impure_ptr
 .data._impure_data
                0x20000034       0x4c C:/ST/STM32CubeIDE_2.2.0/STM32CubeIDE/plugins/com.st.stm32cube.ide.mcu.externaltools.gnu-tools-for-stm32.14.3.rel1.win32_1.0.100.202602081740/tools/bin/../lib/gcc/arm-none-eabi/14.3.1/../../../../arm-none-eabi/lib/thumb/v7e-m+fp/hard\libc_nano.a(libc_a-impure.o)
                0x20000034                _impure_data
 *(.RamFunc)
 *(.RamFunc*)
                0x20000080                        . = ALIGN (0x4)
                0x20000080                        _edata = .
                0x08008bb0                        _siccmram = LOADADDR (.ccmram)

.igot.plt       0x20000080        0x0 load address 0x08008bb0
 .igot.plt      0x20000080        0x0 C:/ST/STM32CubeIDE_2.2.0/STM32CubeIDE/plugins/com.st.stm32cube.ide.mcu.externaltools.gnu-tools-for-stm32.14.3.rel1.win32_1.0.100.202602081740/tools/bin/../lib/gcc/arm-none-eabi/14.3.1/thumb/v7e-m+fp/hard/crtbegin.o

.ccmram         0x10000000        0x0 load address 0x08008bb0
                0x10000000                        . = ALIGN (0x4)
                0x10000000                        _sccmram = .
 *(.ccmram)
 *(.ccmram*)
                0x10000000                        . = ALIGN (0x4)
                0x10000000                        _eccmram = .
                0x10000000                        . = ALIGN (0x4)

.bss            0x20000080     0x15d0
                0x20000080                        _sbss = .
                0x20000080                        __bss_start__ = _sbss
 *(.bss)
 .bss           0x20000080       0x1c C:/ST/STM32CubeIDE_2.2.0/STM32CubeIDE/plugins/com.st.stm32cube.ide.mcu.externaltools.gnu-tools-for-stm32.14.3.rel1.win32_1.0.100.202602081740/tools/bin/../lib/gcc/arm-none-eabi/14.3.1/thumb/v7e-m+fp/hard/crtbegin.o
 *(.bss*)
 .bss.s_tp_rx_total_len
                0x2000009c        0x2 ./Core/Src/can_tp.o
 .bss.s_tp_rx_received_len
                0x2000009e        0x2 ./Core/Src/can_tp.o
 .bss.TP_Rx_Buffer
                0x200000a0      0x100 ./Core/Src/can_tp.o
                0x200000a0                TP_Rx_Buffer
 .bss.Flg_FC_Receive
                0x200001a0        0x1 ./Core/Src/can_tp.o
                0x200001a0                Flg_FC_Receive
 .bss.g_Seed_Requested
                0x200001a1        0x1 ./Core/Src/dcm_seca.o
 .bss.g_Security_Unlocked
                0x200001a2        0x1 ./Core/Src/dcm_seca.o
                0x200001a2                g_Security_Unlocked
 *fill*         0x200001a3        0x1 
 .bss.g_Security_Unlock_Timestamp
                0x200001a4        0x4 ./Core/Src/dcm_seca.o
                0x200001a4                g_Security_Unlock_Timestamp
 .bss.g_Security_Penalty_Timestamp
                0x200001a8        0x4 ./Core/Src/dcm_seca.o
 .bss.g_Pending_ID_Ready
                0x200001ac        0x1 ./Core/Src/dcm_wdbi.o
                0x200001ac                g_Pending_ID_Ready
 .bss.heartBeat.0
                0x200001ad        0x1 ./Core/Src/lcd_hal.o
 *fill*         0x200001ae        0x2 
 .bss.hadc1     0x200001b0       0x48 ./Core/Src/main.o
                0x200001b0                hadc1
 .bss.hdma_adc1
                0x200001f8       0x60 ./Core/Src/main.o
                0x200001f8                hdma_adc1
 .bss.hcan1     0x20000258       0x28 ./Core/Src/main.o
                0x20000258                hcan1
 .bss.hcan2     0x20000280       0x28 ./Core/Src/main.o
                0x20000280                hcan2
 .bss.huart3    0x200002a8       0x48 ./Core/Src/main.o
                0x200002a8                huart3
 .bss.g_TemperatureSensorRawValue_u16
                0x200002f0        0x2 ./Core/Src/main.o
                0x200002f0                g_TemperatureSensorRawValue_u16
 *fill*         0x200002f2        0x2 
 .bss.CAN1_pHeader
                0x200002f4       0x18 ./Core/Src/main.o
                0x200002f4                CAN1_pHeader
 .bss.CAN1_pHeaderRx
                0x2000030c       0x1c ./Core/Src/main.o
                0x2000030c                CAN1_pHeaderRx
 .bss.CAN1_sFilterConfig
                0x20000328       0x28 ./Core/Src/main.o
                0x20000328                CAN1_sFilterConfig
 .bss.CAN2_pHeader
                0x20000350       0x18 ./Core/Src/main.o
                0x20000350                CAN2_pHeader
 .bss.CAN2_pHeaderRx
                0x20000368       0x1c ./Core/Src/main.o
                0x20000368                CAN2_pHeaderRx
 .bss.CAN2_sFilterConfig
                0x20000384       0x28 ./Core/Src/main.o
                0x20000384                CAN2_sFilterConfig
 .bss.CAN1_pTxMailbox
                0x200003ac        0x4 ./Core/Src/main.o
                0x200003ac                CAN1_pTxMailbox
 .bss.CAN2_pTxMailbox
                0x200003b0        0x4 ./Core/Src/main.o
                0x200003b0                CAN2_pTxMailbox
 .bss.NumBytesReq
                0x200003b4        0x2 ./Core/Src/main.o
                0x200003b4                NumBytesReq
 .bss.g_Uds_Cmd_Ready
                0x200003b6        0x1 ./Core/Src/main.o
                0x200003b6                g_Uds_Cmd_Ready
 *fill*         0x200003b7        0x1 
 .bss.g_Last_Uart_Rx_Tick
                0x200003b8        0x4 ./Core/Src/main.o
                0x200003b8                g_Last_Uart_Rx_Tick
 .bss.REQ_BUFFER
                0x200003bc     0x1000 ./Core/Src/main.o
                0x200003bc                REQ_BUFFER
 .bss.REQ_1BYTE_DATA
                0x200013bc        0x1 ./Core/Src/main.o
                0x200013bc                REQ_1BYTE_DATA
 *fill*         0x200013bd        0x3 
 .bss.CAN1_DATA_TX
                0x200013c0        0x8 ./Core/Src/main.o
                0x200013c0                CAN1_DATA_TX
 .bss.CAN1_DATA_RX
                0x200013c8        0x8 ./Core/Src/main.o
                0x200013c8                CAN1_DATA_RX
 .bss.CAN2_DATA_TX
                0x200013d0        0x8 ./Core/Src/main.o
                0x200013d0                CAN2_DATA_TX
 .bss.CAN2_DATA_RX
                0x200013d8        0x8 ./Core/Src/main.o
                0x200013d8                CAN2_DATA_RX
 .bss.TimeStamp
                0x200013e0        0x4 ./Core/Src/main.o
                0x200013e0                TimeStamp
 .bss.last_lcd_write.4
                0x200013e4        0x4 ./Core/Src/main.o
 .bss.last_tick_can1.3
                0x200013e8        0x4 ./Core/Src/main.o
 .bss.last_print_tick.2
                0x200013ec        0x4 ./Core/Src/main.o
 .bss.last_tick_can2.1
                0x200013f0        0x4 ./Core/Src/main.o
 .bss.can2_msg_counter.0
                0x200013f4        0x1 ./Core/Src/main.o
 *fill*         0x200013f5        0x3 
 .bss.HAL_RCC_CAN1_CLK_ENABLED
                0x200013f8        0x4 ./Core/Src/stm32f4xx_hal_msp.o
 .bss.g_mf_rx_buffer
                0x200013fc      0x100 ./Core/Src/stm32f4xx_it.o
                0x200013fc                g_mf_rx_buffer
 .bss.s_tester_ff_total_len.1
                0x200014fc        0x2 ./Core/Src/stm32f4xx_it.o
 .bss.s_tester_ff_recv_len.0
                0x200014fe        0x2 ./Core/Src/stm32f4xx_it.o
 .bss.__sbrk_heap_end
                0x20001500        0x4 ./Core/Src/sysmem.o
 .bss.uwTick    0x20001504        0x4 ./Drivers/STM32F4xx_HAL_Driver/Src/stm32f4xx_hal.o
                0x20001504                uwTick
 .bss.__sf      0x20001508      0x138 C:/ST/STM32CubeIDE_2.2.0/STM32CubeIDE/plugins/com.st.stm32cube.ide.mcu.externaltools.gnu-tools-for-stm32.14.3.rel1.win32_1.0.100.202602081740/tools/bin/../lib/gcc/arm-none-eabi/14.3.1/../../../../arm-none-eabi/lib/thumb/v7e-m+fp/hard\libc_nano.a(libc_a-findfp.o)
                0x20001508                __sf
 .bss.errno     0x20001640        0x4 C:/ST/STM32CubeIDE_2.2.0/STM32CubeIDE/plugins/com.st.stm32cube.ide.mcu.externaltools.gnu-tools-for-stm32.14.3.rel1.win32_1.0.100.202602081740/tools/bin/../lib/gcc/arm-none-eabi/14.3.1/../../../../arm-none-eabi/lib/thumb/v7e-m+fp/hard\libc_nano.a(libc_a-reent.o)
                0x20001640                errno
 .bss.__lock___malloc_recursive_mutex
                0x20001644        0x1 C:/ST/STM32CubeIDE_2.2.0/STM32CubeIDE/plugins/com.st.stm32cube.ide.mcu.externaltools.gnu-tools-for-stm32.14.3.rel1.win32_1.0.100.202602081740/tools/bin/../lib/gcc/arm-none-eabi/14.3.1/../../../../arm-none-eabi/lib/thumb/v7e-m+fp/hard\libc_nano.a(libc_a-lock.o)
                0x20001644                __lock___malloc_recursive_mutex
 *fill*         0x20001645        0x3 
 .bss.__malloc_sbrk_start
                0x20001648        0x4 C:/ST/STM32CubeIDE_2.2.0/STM32CubeIDE/plugins/com.st.stm32cube.ide.mcu.externaltools.gnu-tools-for-stm32.14.3.rel1.win32_1.0.100.202602081740/tools/bin/../lib/gcc/arm-none-eabi/14.3.1/../../../../arm-none-eabi/lib/thumb/v7e-m+fp/hard\libc_nano.a(libc_a-mallocr.o)
                0x20001648                __malloc_sbrk_start
 .bss.__malloc_free_list
                0x2000164c        0x4 C:/ST/STM32CubeIDE_2.2.0/STM32CubeIDE/plugins/com.st.stm32cube.ide.mcu.externaltools.gnu-tools-for-stm32.14.3.rel1.win32_1.0.100.202602081740/tools/bin/../lib/gcc/arm-none-eabi/14.3.1/../../../../arm-none-eabi/lib/thumb/v7e-m+fp/hard\libc_nano.a(libc_a-mallocr.o)
                0x2000164c                __malloc_free_list
 *(COMMON)
                0x20001650                        . = ALIGN (0x4)
                0x20001650                        _ebss = .
                0x20001650                        __bss_end__ = _ebss

._user_heap_stack
                0x20001650      0x600
                0x20001650                        . = ALIGN (0x8)
                [!provide]                        PROVIDE (end = .)
                0x20001650                        PROVIDE (_end = .)
                0x20001850                        . = (. + _Min_Heap_Size)
 *fill*         0x20001650      0x200 
                0x20001c50                        . = (. + _Min_Stack_Size)
 *fill*         0x20001850      0x400 
                0x20001c50                        . = ALIGN (0x8)

/DISCARD/
 libc.a(*)
 libm.a(*)
 libgcc.a(*)

.ARM.attributes
                0x00000000       0x30
 *(.ARM.attributes)
 .ARM.attributes
                0x00000000       0x22 C:/ST/STM32CubeIDE_2.2.0/STM32CubeIDE/plugins/com.st.stm32cube.ide.mcu.externaltools.gnu-tools-for-stm32.14.3.rel1.win32_1.0.100.202602081740/tools/bin/../lib/gcc/arm-none-eabi/14.3.1/thumb/v7e-m+fp/hard/crti.o
 .ARM.attributes
                0x00000022       0x34 C:/ST/STM32CubeIDE_2.2.0/STM32CubeIDE/plugins/com.st.stm32cube.ide.mcu.externaltools.gnu-tools-for-stm32.14.3.rel1.win32_1.0.100.202602081740/tools/bin/../lib/gcc/arm-none-eabi/14.3.1/thumb/v7e-m+fp/hard/crtbegin.o
 .ARM.attributes
                0x00000056       0x34 ./Core/Src/can_tp.o
 .ARM.attributes
                0x0000008a       0x34 ./Core/Src/dcm.o
 .ARM.attributes
                0x000000be       0x34 ./Core/Src/dcm_rdbi.o
 .ARM.attributes
                0x000000f2       0x34 ./Core/Src/dcm_seca.o
 .ARM.attributes
                0x00000126       0x34 ./Core/Src/dcm_wdbi.o
 .ARM.attributes
                0x0000015a       0x34 ./Core/Src/lcd_hal.o
 .ARM.attributes
                0x0000018e       0x34 ./Core/Src/main.o
 .ARM.attributes
                0x000001c2       0x34 ./Core/Src/stm32f4xx_hal_msp.o
 .ARM.attributes
                0x000001f6       0x34 ./Core/Src/stm32f4xx_it.o
 .ARM.attributes
                0x0000022a       0x34 ./Core/Src/sysmem.o
 .ARM.attributes
                0x0000025e       0x34 ./Core/Src/system_stm32f4xx.o
 .ARM.attributes
                0x00000292       0x21 ./Core/Startup/startup_stm32f405rgtx.o
 .ARM.attributes
                0x000002b3       0x34 ./Drivers/STM32F4xx_HAL_Driver/Src/stm32f4xx_hal.o
 .ARM.attributes
                0x000002e7       0x34 ./Drivers/STM32F4xx_HAL_Driver/Src/stm32f4xx_hal_adc.o
 .ARM.attributes
                0x0000031b       0x34 ./Drivers/STM32F4xx_HAL_Driver/Src/stm32f4xx_hal_can.o
 .ARM.attributes
                0x0000034f       0x34 ./Drivers/STM32F4xx_HAL_Driver/Src/stm32f4xx_hal_cortex.o
 .ARM.attributes
                0x00000383       0x34 ./Drivers/STM32F4xx_HAL_Driver/Src/stm32f4xx_hal_dma.o
 .ARM.attributes
                0x000003b7       0x34 ./Drivers/STM32F4xx_HAL_Driver/Src/stm32f4xx_hal_gpio.o
 .ARM.attributes
                0x000003eb       0x34 ./Drivers/STM32F4xx_HAL_Driver/Src/stm32f4xx_hal_rcc.o
 .ARM.attributes
                0x0000041f       0x34 ./Drivers/STM32F4xx_HAL_Driver/Src/stm32f4xx_hal_uart.o
 .ARM.attributes
                0x00000453       0x34 C:/ST/STM32CubeIDE_2.2.0/STM32CubeIDE/plugins/com.st.stm32cube.ide.mcu.externaltools.gnu-tools-for-stm32.14.3.rel1.win32_1.0.100.202602081740/tools/bin/../lib/gcc/arm-none-eabi/14.3.1/../../../../arm-none-eabi/lib/thumb/v7e-m+fp/hard\libc_nano.a(libc_a-findfp.o)
 .ARM.attributes
                0x00000487       0x34 C:/ST/STM32CubeIDE_2.2.0/STM32CubeIDE/plugins/com.st.stm32cube.ide.mcu.externaltools.gnu-tools-for-stm32.14.3.rel1.win32_1.0.100.202602081740/tools/bin/../lib/gcc/arm-none-eabi/14.3.1/../../../../arm-none-eabi/lib/thumb/v7e-m+fp/hard\libc_nano.a(libc_a-sprintf.o)
 .ARM.attributes
                0x000004bb       0x34 C:/ST/STM32CubeIDE_2.2.0/STM32CubeIDE/plugins/com.st.stm32cube.ide.mcu.externaltools.gnu-tools-for-stm32.14.3.rel1.win32_1.0.100.202602081740/tools/bin/../lib/gcc/arm-none-eabi/14.3.1/../../../../arm-none-eabi/lib/thumb/v7e-m+fp/hard\libc_nano.a(libc_a-memset.o)
 .ARM.attributes
                0x000004ef       0x34 C:/ST/STM32CubeIDE_2.2.0/STM32CubeIDE/plugins/com.st.stm32cube.ide.mcu.externaltools.gnu-tools-for-stm32.14.3.rel1.win32_1.0.100.202602081740/tools/bin/../lib/gcc/arm-none-eabi/14.3.1/../../../../arm-none-eabi/lib/thumb/v7e-m+fp/hard\libc_nano.a(libc_a-reent.o)
 .ARM.attributes
                0x00000523       0x34 C:/ST/STM32CubeIDE_2.2.0/STM32CubeIDE/plugins/com.st.stm32cube.ide.mcu.externaltools.gnu-tools-for-stm32.14.3.rel1.win32_1.0.100.202602081740/tools/bin/../lib/gcc/arm-none-eabi/14.3.1/../../../../arm-none-eabi/lib/thumb/v7e-m+fp/hard\libc_nano.a(libc_a-impure.o)
 .ARM.attributes
                0x00000557       0x34 C:/ST/STM32CubeIDE_2.2.0/STM32CubeIDE/plugins/com.st.stm32cube.ide.mcu.externaltools.gnu-tools-for-stm32.14.3.rel1.win32_1.0.100.202602081740/tools/bin/../lib/gcc/arm-none-eabi/14.3.1/../../../../arm-none-eabi/lib/thumb/v7e-m+fp/hard\libc_nano.a(libc_a-errno.o)
 .ARM.attributes
                0x0000058b       0x34 C:/ST/STM32CubeIDE_2.2.0/STM32CubeIDE/plugins/com.st.stm32cube.ide.mcu.externaltools.gnu-tools-for-stm32.14.3.rel1.win32_1.0.100.202602081740/tools/bin/../lib/gcc/arm-none-eabi/14.3.1/../../../../arm-none-eabi/lib/thumb/v7e-m+fp/hard\libc_nano.a(libc_a-init.o)
 .ARM.attributes
                0x000005bf       0x34 C:/ST/STM32CubeIDE_2.2.0/STM32CubeIDE/plugins/com.st.stm32cube.ide.mcu.externaltools.gnu-tools-for-stm32.14.3.rel1.win32_1.0.100.202602081740/tools/bin/../lib/gcc/arm-none-eabi/14.3.1/../../../../arm-none-eabi/lib/thumb/v7e-m+fp/hard\libc_nano.a(libc_a-lock.o)
 .ARM.attributes
                0x000005f3       0x17 C:/ST/STM32CubeIDE_2.2.0/STM32CubeIDE/plugins/com.st.stm32cube.ide.mcu.externaltools.gnu-tools-for-stm32.14.3.rel1.win32_1.0.100.202602081740/tools/bin/../lib/gcc/arm-none-eabi/14.3.1/../../../../arm-none-eabi/lib/thumb/v7e-m+fp/hard\libc_nano.a(libc_a-strlen.o)
 .ARM.attributes
                0x0000060a       0x34 C:/ST/STM32CubeIDE_2.2.0/STM32CubeIDE/plugins/com.st.stm32cube.ide.mcu.externaltools.gnu-tools-for-stm32.14.3.rel1.win32_1.0.100.202602081740/tools/bin/../lib/gcc/arm-none-eabi/14.3.1/../../../../arm-none-eabi/lib/thumb/v7e-m+fp/hard\libc_nano.a(libc_a-freer.o)
 .ARM.attributes
                0x0000063e       0x34 C:/ST/STM32CubeIDE_2.2.0/STM32CubeIDE/plugins/com.st.stm32cube.ide.mcu.externaltools.gnu-tools-for-stm32.14.3.rel1.win32_1.0.100.202602081740/tools/bin/../lib/gcc/arm-none-eabi/14.3.1/../../../../arm-none-eabi/lib/thumb/v7e-m+fp/hard\libc_nano.a(libc_a-mallocr.o)
 .ARM.attributes
                0x00000672       0x34 C:/ST/STM32CubeIDE_2.2.0/STM32CubeIDE/plugins/com.st.stm32cube.ide.mcu.externaltools.gnu-tools-for-stm32.14.3.rel1.win32_1.0.100.202602081740/tools/bin/../lib/gcc/arm-none-eabi/14.3.1/../../../../arm-none-eabi/lib/thumb/v7e-m+fp/hard\libc_nano.a(libc_a-mlock.o)
 .ARM.attributes
                0x000006a6       0x34 C:/ST/STM32CubeIDE_2.2.0/STM32CubeIDE/plugins/com.st.stm32cube.ide.mcu.externaltools.gnu-tools-for-stm32.14.3.rel1.win32_1.0.100.202602081740/tools/bin/../lib/gcc/arm-none-eabi/14.3.1/../../../../arm-none-eabi/lib/thumb/v7e-m+fp/hard\libc_nano.a(libc_a-nano-svfprintf.o)
 .ARM.attributes
                0x000006da       0x34 C:/ST/STM32CubeIDE_2.2.0/STM32CubeIDE/plugins/com.st.stm32cube.ide.mcu.externaltools.gnu-tools-for-stm32.14.3.rel1.win32_1.0.100.202602081740/tools/bin/../lib/gcc/arm-none-eabi/14.3.1/../../../../arm-none-eabi/lib/thumb/v7e-m+fp/hard\libc_nano.a(libc_a-nano-vfprintf_i.o)
 .ARM.attributes
                0x0000070e       0x34 C:/ST/STM32CubeIDE_2.2.0/STM32CubeIDE/plugins/com.st.stm32cube.ide.mcu.externaltools.gnu-tools-for-stm32.14.3.rel1.win32_1.0.100.202602081740/tools/bin/../lib/gcc/arm-none-eabi/14.3.1/../../../../arm-none-eabi/lib/thumb/v7e-m+fp/hard\libc_nano.a(libc_a-memmove.o)
 .ARM.attributes
                0x00000742       0x34 C:/ST/STM32CubeIDE_2.2.0/STM32CubeIDE/plugins/com.st.stm32cube.ide.mcu.externaltools.gnu-tools-for-stm32.14.3.rel1.win32_1.0.100.202602081740/tools/bin/../lib/gcc/arm-none-eabi/14.3.1/../../../../arm-none-eabi/lib/thumb/v7e-m+fp/hard\libc_nano.a(libc_a-sbrkr.o)
 .ARM.attributes
                0x00000776       0x1c C:/ST/STM32CubeIDE_2.2.0/STM32CubeIDE/plugins/com.st.stm32cube.ide.mcu.externaltools.gnu-tools-for-stm32.14.3.rel1.win32_1.0.100.202602081740/tools/bin/../lib/gcc/arm-none-eabi/14.3.1/../../../../arm-none-eabi/lib/thumb/v7e-m+fp/hard\libc_nano.a(libc_a-memchr.o)
 .ARM.attributes
                0x00000792       0x34 C:/ST/STM32CubeIDE_2.2.0/STM32CubeIDE/plugins/com.st.stm32cube.ide.mcu.externaltools.gnu-tools-for-stm32.14.3.rel1.win32_1.0.100.202602081740/tools/bin/../lib/gcc/arm-none-eabi/14.3.1/../../../../arm-none-eabi/lib/thumb/v7e-m+fp/hard\libc_nano.a(libc_a-memcpy-stub.o)
 .ARM.attributes
                0x000007c6       0x34 C:/ST/STM32CubeIDE_2.2.0/STM32CubeIDE/plugins/com.st.stm32cube.ide.mcu.externaltools.gnu-tools-for-stm32.14.3.rel1.win32_1.0.100.202602081740/tools/bin/../lib/gcc/arm-none-eabi/14.3.1/../../../../arm-none-eabi/lib/thumb/v7e-m+fp/hard\libc_nano.a(libc_a-reallocr.o)
 .ARM.attributes
                0x000007fa       0x34 C:/ST/STM32CubeIDE_2.2.0/STM32CubeIDE/plugins/com.st.stm32cube.ide.mcu.externaltools.gnu-tools-for-stm32.14.3.rel1.win32_1.0.100.202602081740/tools/bin/../lib/gcc/arm-none-eabi/14.3.1/../../../../arm-none-eabi/lib/thumb/v7e-m+fp/hard\libc_nano.a(libc_a-msizer.o)
 .ARM.attributes
                0x0000082e       0x22 C:/ST/STM32CubeIDE_2.2.0/STM32CubeIDE/plugins/com.st.stm32cube.ide.mcu.externaltools.gnu-tools-for-stm32.14.3.rel1.win32_1.0.100.202602081740/tools/bin/../lib/gcc/arm-none-eabi/14.3.1/thumb/v7e-m+fp/hard\libgcc.a(_aeabi_uldivmod.o)
 .ARM.attributes
                0x00000850       0x34 C:/ST/STM32CubeIDE_2.2.0/STM32CubeIDE/plugins/com.st.stm32cube.ide.mcu.externaltools.gnu-tools-for-stm32.14.3.rel1.win32_1.0.100.202602081740/tools/bin/../lib/gcc/arm-none-eabi/14.3.1/thumb/v7e-m+fp/hard\libgcc.a(_udivmoddi4.o)
 .ARM.attributes
                0x00000884       0x22 C:/ST/STM32CubeIDE_2.2.0/STM32CubeIDE/plugins/com.st.stm32cube.ide.mcu.externaltools.gnu-tools-for-stm32.14.3.rel1.win32_1.0.100.202602081740/tools/bin/../lib/gcc/arm-none-eabi/14.3.1/thumb/v7e-m+fp/hard\libgcc.a(_dvmd_tls.o)
 .ARM.attributes
                0x000008a6       0x22 C:/ST/STM32CubeIDE_2.2.0/STM32CubeIDE/plugins/com.st.stm32cube.ide.mcu.externaltools.gnu-tools-for-stm32.14.3.rel1.win32_1.0.100.202602081740/tools/bin/../lib/gcc/arm-none-eabi/14.3.1/thumb/v7e-m+fp/hard/crtn.o
OUTPUT(BEA_CAN2CAN_DEMO_TEN1HC_HUST.elf elf32-littlearm)
LOAD linker stubs
LOAD C:/ST/STM32CubeIDE_2.2.0/STM32CubeIDE/plugins/com.st.stm32cube.ide.mcu.externaltools.gnu-tools-for-stm32.14.3.rel1.win32_1.0.100.202602081740/tools/bin/../lib/gcc/arm-none-eabi/14.3.1/../../../../arm-none-eabi/lib/thumb/v7e-m+fp/hard\libc.a
LOAD C:/ST/STM32CubeIDE_2.2.0/STM32CubeIDE/plugins/com.st.stm32cube.ide.mcu.externaltools.gnu-tools-for-stm32.14.3.rel1.win32_1.0.100.202602081740/tools/bin/../lib/gcc/arm-none-eabi/14.3.1/../../../../arm-none-eabi/lib/thumb/v7e-m+fp/hard\libm.a
LOAD C:/ST/STM32CubeIDE_2.2.0/STM32CubeIDE/plugins/com.st.stm32cube.ide.mcu.externaltools.gnu-tools-for-stm32.14.3.rel1.win32_1.0.100.202602081740/tools/bin/../lib/gcc/arm-none-eabi/14.3.1/thumb/v7e-m+fp/hard\libgcc.a

.debug_info     0x00000000     0xf606
 .debug_info    0x00000000      0x99c ./Core/Src/can_tp.o
 .debug_info    0x0000099c      0x609 ./Core/Src/dcm.o
 .debug_info    0x00000fa5      0x64b ./Core/Src/dcm_rdbi.o
 .debug_info    0x000015f0      0x7b2 ./Core/Src/dcm_seca.o
 .debug_info    0x00001da2      0x63b ./Core/Src/dcm_wdbi.o
 .debug_info    0x000023dd      0xe2e ./Core/Src/lcd_hal.o
 .debug_info    0x0000320b     0x1f30 ./Core/Src/main.o
 .debug_info    0x0000513b     0x132c ./Core/Src/stm32f4xx_hal_msp.o
 .debug_info    0x00006467     0x105e ./Core/Src/stm32f4xx_it.o
 .debug_info    0x000074c5      0x168 ./Core/Src/sysmem.o
 .debug_info    0x0000762d      0x512 ./Core/Src/system_stm32f4xx.o
 .debug_info    0x00007b3f       0x30 ./Core/Startup/startup_stm32f405rgtx.o
 .debug_info    0x00007b6f      0x932 ./Drivers/STM32F4xx_HAL_Driver/Src/stm32f4xx_hal.o
 .debug_info    0x000084a1      0xce3 ./Drivers/STM32F4xx_HAL_Driver/Src/stm32f4xx_hal_adc.o
 .debug_info    0x00009184      0xf4c ./Drivers/STM32F4xx_HAL_Driver/Src/stm32f4xx_hal_can.o
 .debug_info    0x0000a0d0      0xd7a ./Drivers/STM32F4xx_HAL_Driver/Src/stm32f4xx_hal_cortex.o
 .debug_info    0x0000ae4a      0x8e7 ./Drivers/STM32F4xx_HAL_Driver/Src/stm32f4xx_hal_dma.o
 .debug_info    0x0000b731      0x6c3 ./Drivers/STM32F4xx_HAL_Driver/Src/stm32f4xx_hal_gpio.o
 .debug_info    0x0000bdf4      0x8c3 ./Drivers/STM32F4xx_HAL_Driver/Src/stm32f4xx_hal_rcc.o
 .debug_info    0x0000c6b7     0x2f4f ./Drivers/STM32F4xx_HAL_Driver/Src/stm32f4xx_hal_uart.o

.debug_abbrev   0x00000000     0x2a0b
 .debug_abbrev  0x00000000      0x226 ./Core/Src/can_tp.o
 .debug_abbrev  0x00000226      0x1c6 ./Core/Src/dcm.o
 .debug_abbrev  0x000003ec      0x19f ./Core/Src/dcm_rdbi.o
 .debug_abbrev  0x0000058b      0x1ef ./Core/Src/dcm_seca.o
 .debug_abbrev  0x0000077a      0x1b3 ./Core/Src/dcm_wdbi.o
 .debug_abbrev  0x0000092d      0x258 ./Core/Src/lcd_hal.o
 .debug_abbrev  0x00000b85      0x3b4 ./Core/Src/main.o
 .debug_abbrev  0x00000f39      0x27d ./Core/Src/stm32f4xx_hal_msp.o
 .debug_abbrev  0x000011b6      0x296 ./Core/Src/stm32f4xx_it.o
 .debug_abbrev  0x0000144c       0xbc ./Core/Src/sysmem.o
 .debug_abbrev  0x00001508      0x11a ./Core/Src/system_stm32f4xx.o
 .debug_abbrev  0x00001622       0x24 ./Core/Startup/startup_stm32f405rgtx.o
 .debug_abbrev  0x00001646      0x214 ./Drivers/STM32F4xx_HAL_Driver/Src/stm32f4xx_hal.o
 .debug_abbrev  0x0000185a      0x252 ./Drivers/STM32F4xx_HAL_Driver/Src/stm32f4xx_hal_adc.o
 .debug_abbrev  0x00001aac      0x245 ./Drivers/STM32F4xx_HAL_Driver/Src/stm32f4xx_hal_can.o
 .debug_abbrev  0x00001cf1      0x31d ./Drivers/STM32F4xx_HAL_Driver/Src/stm32f4xx_hal_cortex.o
 .debug_abbrev  0x0000200e      0x264 ./Drivers/STM32F4xx_HAL_Driver/Src/stm32f4xx_hal_dma.o
 .debug_abbrev  0x00002272      0x1d4 ./Drivers/STM32F4xx_HAL_Driver/Src/stm32f4xx_hal_gpio.o
 .debug_abbrev  0x00002446      0x2b7 ./Drivers/STM32F4xx_HAL_Driver/Src/stm32f4xx_hal_rcc.o
 .debug_abbrev  0x000026fd      0x30e ./Drivers/STM32F4xx_HAL_Driver/Src/stm32f4xx_hal_uart.o

.debug_aranges  0x00000000      0xb48
 .debug_aranges
                0x00000000       0x48 ./Core/Src/can_tp.o
 .debug_aranges
                0x00000048       0x20 ./Core/Src/dcm.o
 .debug_aranges
                0x00000068       0x20 ./Core/Src/dcm_rdbi.o
 .debug_aranges
                0x00000088       0x20 ./Core/Src/dcm_seca.o
 .debug_aranges
                0x000000a8       0x20 ./Core/Src/dcm_wdbi.o
 .debug_aranges
                0x000000c8       0xd0 ./Core/Src/lcd_hal.o
 .debug_aranges
                0x00000198       0xb0 ./Core/Src/main.o
 .debug_aranges
                0x00000248       0x50 ./Core/Src/stm32f4xx_hal_msp.o
 .debug_aranges
                0x00000298       0x88 ./Core/Src/stm32f4xx_it.o
 .debug_aranges
                0x00000320       0x20 ./Core/Src/sysmem.o
 .debug_aranges
                0x00000340       0x28 ./Core/Src/system_stm32f4xx.o
 .debug_aranges
                0x00000368       0x28 ./Core/Startup/startup_stm32f405rgtx.o
 .debug_aranges
                0x00000390       0xf0 ./Drivers/STM32F4xx_HAL_Driver/Src/stm32f4xx_hal.o
 .debug_aranges
                0x00000480       0xe8 ./Drivers/STM32F4xx_HAL_Driver/Src/stm32f4xx_hal_adc.o
 .debug_aranges
                0x00000568      0x138 ./Drivers/STM32F4xx_HAL_Driver/Src/stm32f4xx_hal_can.o
 .debug_aranges
                0x000006a0      0x130 ./Drivers/STM32F4xx_HAL_Driver/Src/stm32f4xx_hal_cortex.o
 .debug_aranges
                0x000007d0       0x90 ./Drivers/STM32F4xx_HAL_Driver/Src/stm32f4xx_hal_dma.o
 .debug_aranges
                0x00000860       0x58 ./Drivers/STM32F4xx_HAL_Driver/Src/stm32f4xx_hal_gpio.o
 .debug_aranges
                0x000008b8       0x88 ./Drivers/STM32F4xx_HAL_Driver/Src/stm32f4xx_hal_rcc.o
 .debug_aranges
                0x00000940      0x208 ./Drivers/STM32F4xx_HAL_Driver/Src/stm32f4xx_hal_uart.o

.debug_rnglists
                0x00000000      0x891
 .debug_rnglists
                0x00000000       0x34 ./Core/Src/can_tp.o
 .debug_rnglists
                0x00000034       0x14 ./Core/Src/dcm.o
 .debug_rnglists
                0x00000048       0x14 ./Core/Src/dcm_rdbi.o
 .debug_rnglists
                0x0000005c       0x14 ./Core/Src/dcm_seca.o
 .debug_rnglists
                0x00000070       0x14 ./Core/Src/dcm_wdbi.o
 .debug_rnglists
                0x00000084       0xa0 ./Core/Src/lcd_hal.o
 .debug_rnglists
                0x00000124       0x87 ./Core/Src/main.o
 .debug_rnglists
                0x000001ab       0x3b ./Core/Src/stm32f4xx_hal_msp.o
 .debug_rnglists
                0x000001e6       0x62 ./Core/Src/stm32f4xx_it.o
 .debug_rnglists
                0x00000248       0x13 ./Core/Src/sysmem.o
 .debug_rnglists
                0x0000025b       0x1a ./Core/Src/system_stm32f4xx.o
 .debug_rnglists
                0x00000275       0x19 ./Core/Startup/startup_stm32f405rgtx.o
 .debug_rnglists
                0x0000028e       0xaf ./Drivers/STM32F4xx_HAL_Driver/Src/stm32f4xx_hal.o
 .debug_rnglists
                0x0000033d       0xb5 ./Drivers/STM32F4xx_HAL_Driver/Src/stm32f4xx_hal_adc.o
 .debug_rnglists
                0x000003f2       0xee ./Drivers/STM32F4xx_HAL_Driver/Src/stm32f4xx_hal_can.o
 .debug_rnglists
                0x000004e0       0xe0 ./Drivers/STM32F4xx_HAL_Driver/Src/stm32f4xx_hal_cortex.o
 .debug_rnglists
                0x000005c0       0x70 ./Drivers/STM32F4xx_HAL_Driver/Src/stm32f4xx_hal_dma.o
 .debug_rnglists
                0x00000630       0x3f ./Drivers/STM32F4xx_HAL_Driver/Src/stm32f4xx_hal_gpio.o
 .debug_rnglists
                0x0000066f       0x66 ./Drivers/STM32F4xx_HAL_Driver/Src/stm32f4xx_hal_rcc.o
 .debug_rnglists
                0x000006d5      0x1bc ./Drivers/STM32F4xx_HAL_Driver/Src/stm32f4xx_hal_uart.o

.debug_macro    0x00000000    0x21a28
 .debug_macro   0x00000000      0x35d ./Core/Src/can_tp.o
 .debug_macro   0x0000035d      0xad8 ./Core/Src/can_tp.o
 .debug_macro   0x00000e35      0x2a1 ./Core/Src/can_tp.o
 .debug_macro   0x000010d6       0x2e ./Core/Src/can_tp.o
 .debug_macro   0x00001104       0x2f ./Core/Src/can_tp.o
 .debug_macro   0x00001133       0x22 ./Core/Src/can_tp.o
 .debug_macro   0x00001155       0x8e ./Core/Src/can_tp.o
 .debug_macro   0x000011e3       0x51 ./Core/Src/can_tp.o
 .debug_macro   0x00001234      0x103 ./Core/Src/can_tp.o
 .debug_macro   0x00001337       0x6a ./Core/Src/can_tp.o
 .debug_macro   0x000013a1      0x1df ./Core/Src/can_tp.o
 .debug_macro   0x00001580       0x1c ./Core/Src/can_tp.o
 .debug_macro   0x0000159c       0x22 ./Core/Src/can_tp.o
 .debug_macro   0x000015be       0xfb ./Core/Src/can_tp.o
 .debug_macro   0x000016b9     0x1011 ./Core/Src/can_tp.o
 .debug_macro   0x000026ca      0x11f ./Core/Src/can_tp.o
 .debug_macro   0x000027e9    0x1427b ./Core/Src/can_tp.o
 .debug_macro   0x00016a64       0x6d ./Core/Src/can_tp.o
 .debug_macro   0x00016ad1     0x3693 ./Core/Src/can_tp.o
 .debug_macro   0x0001a164      0x190 ./Core/Src/can_tp.o
 .debug_macro   0x0001a2f4       0x5c ./Core/Src/can_tp.o
 .debug_macro   0x0001a350      0x8bc ./Core/Src/can_tp.o
 .debug_macro   0x0001ac0c      0x9e9 ./Core/Src/can_tp.o
 .debug_macro   0x0001b5f5      0x115 ./Core/Src/can_tp.o
 .debug_macro   0x0001b70a      0x130 ./Core/Src/can_tp.o
 .debug_macro   0x0001b83a       0xa5 ./Core/Src/can_tp.o
 .debug_macro   0x0001b8df      0x174 ./Core/Src/can_tp.o
 .debug_macro   0x0001ba53      0x287 ./Core/Src/can_tp.o
 .debug_macro   0x0001bcda       0x5f ./Core/Src/can_tp.o
 .debug_macro   0x0001bd39      0x236 ./Core/Src/can_tp.o
 .debug_macro   0x0001bf6f      0xb5b ./Core/Src/can_tp.o
 .debug_macro   0x0001caca      0x38b ./Core/Src/can_tp.o
 .debug_macro   0x0001ce55      0x176 ./Core/Src/can_tp.o
 .debug_macro   0x0001cfcb       0xf9 ./Core/Src/can_tp.o
 .debug_macro   0x0001d0c4      0x40f ./Core/Src/can_tp.o
 .debug_macro   0x0001d4d3      0x12c ./Core/Src/can_tp.o
 .debug_macro   0x0001d5ff      0x21e ./Core/Src/can_tp.o
 .debug_macro   0x0001d81d       0x2e ./Core/Src/can_tp.o
 .debug_macro   0x0001d84b      0x127 ./Core/Src/can_tp.o
 .debug_macro   0x0001d972       0x7e ./Core/Src/can_tp.o
 .debug_macro   0x0001d9f0       0x89 ./Core/Src/can_tp.o
 .debug_macro   0x0001da79      0x2aa ./Core/Src/can_tp.o
 .debug_macro   0x0001dd23      0x12d ./Core/Src/can_tp.o
 .debug_macro   0x0001de50       0x61 ./Core/Src/can_tp.o
 .debug_macro   0x0001deb1       0x2a ./Core/Src/can_tp.o
 .debug_macro   0x0001dedb       0x43 ./Core/Src/can_tp.o
 .debug_macro   0x0001df1e       0x34 ./Core/Src/can_tp.o
 .debug_macro   0x0001df52       0x16 ./Core/Src/can_tp.o
 .debug_macro   0x0001df68       0x3c ./Core/Src/can_tp.o
 .debug_macro   0x0001dfa4      0x364 ./Core/Src/can_tp.o
 .debug_macro   0x0001e308       0x10 ./Core/Src/can_tp.o
 .debug_macro   0x0001e318       0x16 ./Core/Src/can_tp.o
 .debug_macro   0x0001e32e       0x4a ./Core/Src/can_tp.o
 .debug_macro   0x0001e378       0x34 ./Core/Src/can_tp.o
 .debug_macro   0x0001e3ac       0x10 ./Core/Src/can_tp.o
 .debug_macro   0x0001e3bc       0x58 ./Core/Src/can_tp.o
 .debug_macro   0x0001e414       0x8e ./Core/Src/can_tp.o
 .debug_macro   0x0001e4a2       0x1c ./Core/Src/can_tp.o
 .debug_macro   0x0001e4be      0x17e ./Core/Src/can_tp.o
 .debug_macro   0x0001e63c       0x16 ./Core/Src/can_tp.o
 .debug_macro   0x0001e652       0x16 ./Core/Src/can_tp.o
 .debug_macro   0x0001e668      0x146 ./Core/Src/can_tp.o
 .debug_macro   0x0001e7ae       0x16 ./Core/Src/can_tp.o
 .debug_macro   0x0001e7c4       0x16 ./Core/Src/can_tp.o
 .debug_macro   0x0001e7da       0x29 ./Core/Src/can_tp.o
 .debug_macro   0x0001e803       0x16 ./Core/Src/can_tp.o
 .debug_macro   0x0001e819       0x20 ./Core/Src/can_tp.o
 .debug_macro   0x0001e839       0x3a ./Core/Src/can_tp.o
 .debug_macro   0x0001e873      0x377 ./Core/Src/dcm.o
 .debug_macro   0x0001ebea      0x367 ./Core/Src/dcm_rdbi.o
 .debug_macro   0x0001ef51      0x363 ./Core/Src/dcm_seca.o
 .debug_macro   0x0001f2b4      0x367 ./Core/Src/dcm_wdbi.o
 .debug_macro   0x0001f61b      0x35e ./Core/Src/lcd_hal.o
 .debug_macro   0x0001f979       0xb2 ./Core/Src/lcd_hal.o
 .debug_macro   0x0001fa2b      0x35e ./Core/Src/main.o
 .debug_macro   0x0001fd89       0xb8 ./Core/Src/main.o
 .debug_macro   0x0001fe41      0x34f ./Core/Src/stm32f4xx_hal_msp.o
 .debug_macro   0x00020190      0x35d ./Core/Src/stm32f4xx_it.o
 .debug_macro   0x000204ed      0x112 ./Core/Src/sysmem.o
 .debug_macro   0x000205ff      0x23c ./Core/Src/sysmem.o
 .debug_macro   0x0002083b      0x1ec ./Core/Src/system_stm32f4xx.o
 .debug_macro   0x00020a27      0x24c ./Drivers/STM32F4xx_HAL_Driver/Src/stm32f4xx_hal.o
 .debug_macro   0x00020c73      0x1ed ./Drivers/STM32F4xx_HAL_Driver/Src/stm32f4xx_hal_adc.o
 .debug_macro   0x00020e60      0x1fb ./Drivers/STM32F4xx_HAL_Driver/Src/stm32f4xx_hal_can.o
 .debug_macro   0x0002105b      0x1ec ./Drivers/STM32F4xx_HAL_Driver/Src/stm32f4xx_hal_cortex.o
 .debug_macro   0x00021247      0x1f2 ./Drivers/STM32F4xx_HAL_Driver/Src/stm32f4xx_hal_dma.o
 .debug_macro   0x00021439      0x1f2 ./Drivers/STM32F4xx_HAL_Driver/Src/stm32f4xx_hal_gpio.o
 .debug_macro   0x0002162b      0x210 ./Drivers/STM32F4xx_HAL_Driver/Src/stm32f4xx_hal_rcc.o
 .debug_macro   0x0002183b      0x1ed ./Drivers/STM32F4xx_HAL_Driver/Src/stm32f4xx_hal_uart.o

.debug_line     0x00000000    0x105ac
 .debug_line    0x00000000      0xc54 ./Core/Src/can_tp.o
 .debug_line    0x00000c54      0x999 ./Core/Src/dcm.o
 .debug_line    0x000015ed      0x9d1 ./Core/Src/dcm_rdbi.o
 .debug_line    0x00001fbe      0xa6a ./Core/Src/dcm_seca.o
 .debug_line    0x00002a28      0x9d6 ./Core/Src/dcm_wdbi.o
 .debug_line    0x000033fe      0xf49 ./Core/Src/lcd_hal.o
 .debug_line    0x00004347     0x10e7 ./Core/Src/main.o
 .debug_line    0x0000542e      0xaa0 ./Core/Src/stm32f4xx_hal_msp.o
 .debug_line    0x00005ece      0xcd2 ./Core/Src/stm32f4xx_it.o
 .debug_line    0x00006ba0      0x58d ./Core/Src/sysmem.o
 .debug_line    0x0000712d      0x7fc ./Core/Src/system_stm32f4xx.o
 .debug_line    0x00007929       0x7a ./Core/Startup/startup_stm32f405rgtx.o
 .debug_line    0x000079a3      0xa6c ./Drivers/STM32F4xx_HAL_Driver/Src/stm32f4xx_hal.o
 .debug_line    0x0000840f     0x1280 ./Drivers/STM32F4xx_HAL_Driver/Src/stm32f4xx_hal_adc.o
 .debug_line    0x0000968f     0x1228 ./Drivers/STM32F4xx_HAL_Driver/Src/stm32f4xx_hal_can.o
 .debug_line    0x0000a8b7      0xd39 ./Drivers/STM32F4xx_HAL_Driver/Src/stm32f4xx_hal_cortex.o
 .debug_line    0x0000b5f0      0xfd5 ./Drivers/STM32F4xx_HAL_Driver/Src/stm32f4xx_hal_dma.o
 .debug_line    0x0000c5c5      0xbbe ./Drivers/STM32F4xx_HAL_Driver/Src/stm32f4xx_hal_gpio.o
 .debug_line    0x0000d183      0xe78 ./Drivers/STM32F4xx_HAL_Driver/Src/stm32f4xx_hal_rcc.o
 .debug_line    0x0000dffb     0x25b1 ./Drivers/STM32F4xx_HAL_Driver/Src/stm32f4xx_hal_uart.o

.debug_str      0x00000000    0xc8271
 .debug_str     0x00000000    0xc8271 ./Core/Src/can_tp.o
                              0xc45ab (size before relaxing)
 .debug_str     0x000c8271    0xc4465 ./Core/Src/dcm.o
 .debug_str     0x000c8271    0xc443c ./Core/Src/dcm_rdbi.o
 .debug_str     0x000c8271    0xc4508 ./Core/Src/dcm_seca.o
 .debug_str     0x000c8271    0xc443b ./Core/Src/dcm_wdbi.o
 .debug_str     0x000c8271    0xc486e ./Core/Src/lcd_hal.o
 .debug_str     0x000c8271    0xc5ac1 ./Core/Src/main.o
 .debug_str     0x000c8271    0xc505c ./Core/Src/stm32f4xx_hal_msp.o
 .debug_str     0x000c8271    0xc4c3b ./Core/Src/stm32f4xx_it.o
 .debug_str     0x000c8271     0x7704 ./Core/Src/sysmem.o
 .debug_str     0x000c8271    0xc08b1 ./Core/Src/system_stm32f4xx.o
 .debug_str     0x000c8271      0x100 ./Core/Startup/startup_stm32f405rgtx.o
 .debug_str     0x000c8271    0xc1414 ./Drivers/STM32F4xx_HAL_Driver/Src/stm32f4xx_hal.o
 .debug_str     0x000c8271    0xc0e9e ./Drivers/STM32F4xx_HAL_Driver/Src/stm32f4xx_hal_adc.o
 .debug_str     0x000c8271    0xc0fab ./Drivers/STM32F4xx_HAL_Driver/Src/stm32f4xx_hal_can.o
 .debug_str     0x000c8271    0xc1190 ./Drivers/STM32F4xx_HAL_Driver/Src/stm32f4xx_hal_cortex.o
 .debug_str     0x000c8271    0xc0ccb ./Drivers/STM32F4xx_HAL_Driver/Src/stm32f4xx_hal_dma.o
 .debug_str     0x000c8271    0xc0a2c ./Drivers/STM32F4xx_HAL_Driver/Src/stm32f4xx_hal_gpio.o
 .debug_str     0x000c8271    0xc0ce5 ./Drivers/STM32F4xx_HAL_Driver/Src/stm32f4xx_hal_rcc.o
 .debug_str     0x000c8271    0xc12c6 ./Drivers/STM32F4xx_HAL_Driver/Src/stm32f4xx_hal_uart.o

.comment        0x00000000       0x43
 .comment       0x00000000       0x43 ./Core/Src/can_tp.o
                                 0x44 (size before relaxing)
 .comment       0x00000043       0x44 ./Core/Src/dcm.o
 .comment       0x00000043       0x44 ./Core/Src/dcm_rdbi.o
 .comment       0x00000043       0x44 ./Core/Src/dcm_seca.o
 .comment       0x00000043       0x44 ./Core/Src/dcm_wdbi.o
 .comment       0x00000043       0x44 ./Core/Src/lcd_hal.o
 .comment       0x00000043       0x44 ./Core/Src/main.o
 .comment       0x00000043       0x44 ./Core/Src/stm32f4xx_hal_msp.o
 .comment       0x00000043       0x44 ./Core/Src/stm32f4xx_it.o
 .comment       0x00000043       0x44 ./Core/Src/sysmem.o
 .comment       0x00000043       0x44 ./Core/Src/system_stm32f4xx.o
 .comment       0x00000043       0x44 ./Drivers/STM32F4xx_HAL_Driver/Src/stm32f4xx_hal.o
 .comment       0x00000043       0x44 ./Drivers/STM32F4xx_HAL_Driver/Src/stm32f4xx_hal_adc.o
 .comment       0x00000043       0x44 ./Drivers/STM32F4xx_HAL_Driver/Src/stm32f4xx_hal_can.o
 .comment       0x00000043       0x44 ./Drivers/STM32F4xx_HAL_Driver/Src/stm32f4xx_hal_cortex.o
 .comment       0x00000043       0x44 ./Drivers/STM32F4xx_HAL_Driver/Src/stm32f4xx_hal_dma.o
 .comment       0x00000043       0x44 ./Drivers/STM32F4xx_HAL_Driver/Src/stm32f4xx_hal_gpio.o
 .comment       0x00000043       0x44 ./Drivers/STM32F4xx_HAL_Driver/Src/stm32f4xx_hal_rcc.o
 .comment       0x00000043       0x44 ./Drivers/STM32F4xx_HAL_Driver/Src/stm32f4xx_hal_uart.o

.debug_frame    0x00000000     0x301c
 .debug_frame   0x00000000       0xe8 ./Core/Src/can_tp.o
 .debug_frame   0x000000e8       0x34 ./Core/Src/dcm.o
 .debug_frame   0x0000011c       0x34 ./Core/Src/dcm_rdbi.o
 .debug_frame   0x00000150       0x38 ./Core/Src/dcm_seca.o
 .debug_frame   0x00000188       0x34 ./Core/Src/dcm_wdbi.o
 .debug_frame   0x000001bc      0x37c ./Core/Src/lcd_hal.o
 .debug_frame   0x00000538      0x294 ./Core/Src/main.o
 .debug_frame   0x000007cc      0x10c ./Core/Src/stm32f4xx_hal_msp.o
 .debug_frame   0x000008d8      0x190 ./Core/Src/stm32f4xx_it.o
 .debug_frame   0x00000a68       0x34 ./Core/Src/sysmem.o
 .debug_frame   0x00000a9c       0x50 ./Core/Src/system_stm32f4xx.o
 .debug_frame   0x00000aec      0x31c ./Drivers/STM32F4xx_HAL_Driver/Src/stm32f4xx_hal.o
 .debug_frame   0x00000e08      0x3bc ./Drivers/STM32F4xx_HAL_Driver/Src/stm32f4xx_hal_adc.o
 .debug_frame   0x000011c4      0x524 ./Drivers/STM32F4xx_HAL_Driver/Src/stm32f4xx_hal_can.o
 .debug_frame   0x000016e8      0x4b8 ./Drivers/STM32F4xx_HAL_Driver/Src/stm32f4xx_hal_cortex.o
 .debug_frame   0x00001ba0      0x230 ./Drivers/STM32F4xx_HAL_Driver/Src/stm32f4xx_hal_dma.o
 .debug_frame   0x00001dd0      0x130 ./Drivers/STM32F4xx_HAL_Driver/Src/stm32f4xx_hal_gpio.o
 .debug_frame   0x00001f00      0x1d8 ./Drivers/STM32F4xx_HAL_Driver/Src/stm32f4xx_hal_rcc.o
 .debug_frame   0x000020d8      0x8ec ./Drivers/STM32F4xx_HAL_Driver/Src/stm32f4xx_hal_uart.o
 .debug_frame   0x000029c4      0x144 C:/ST/STM32CubeIDE_2.2.0/STM32CubeIDE/plugins/com.st.stm32cube.ide.mcu.externaltools.gnu-tools-for-stm32.14.3.rel1.win32_1.0.100.202602081740/tools/bin/../lib/gcc/arm-none-eabi/14.3.1/../../../../arm-none-eabi/lib/thumb/v7e-m+fp/hard\libc_nano.a(libc_a-findfp.o)
 .debug_frame   0x00002b08       0x74 C:/ST/STM32CubeIDE_2.2.0/STM32CubeIDE/plugins/com.st.stm32cube.ide.mcu.externaltools.gnu-tools-for-stm32.14.3.rel1.win32_1.0.100.202602081740/tools/bin/../lib/gcc/arm-none-eabi/14.3.1/../../../../arm-none-eabi/lib/thumb/v7e-m+fp/hard\libc_nano.a(libc_a-sprintf.o)
 .debug_frame   0x00002b7c       0x20 C:/ST/STM32CubeIDE_2.2.0/STM32CubeIDE/plugins/com.st.stm32cube.ide.mcu.externaltools.gnu-tools-for-stm32.14.3.rel1.win32_1.0.100.202602081740/tools/bin/../lib/gcc/arm-none-eabi/14.3.1/../../../../arm-none-eabi/lib/thumb/v7e-m+fp/hard\libc_nano.a(libc_a-memset.o)
 .debug_frame   0x00002b9c       0x38 C:/ST/STM32CubeIDE_2.2.0/STM32CubeIDE/plugins/com.st.stm32cube.ide.mcu.externaltools.gnu-tools-for-stm32.14.3.rel1.win32_1.0.100.202602081740/tools/bin/../lib/gcc/arm-none-eabi/14.3.1/../../../../arm-none-eabi/lib/thumb/v7e-m+fp/hard\libc_nano.a(libc_a-reent.o)
 .debug_frame   0x00002bd4       0x20 C:/ST/STM32CubeIDE_2.2.0/STM32CubeIDE/plugins/com.st.stm32cube.ide.mcu.externaltools.gnu-tools-for-stm32.14.3.rel1.win32_1.0.100.202602081740/tools/bin/../lib/gcc/arm-none-eabi/14.3.1/../../../../arm-none-eabi/lib/thumb/v7e-m+fp/hard\libc_nano.a(libc_a-errno.o)
 .debug_frame   0x00002bf4       0x2c C:/ST/STM32CubeIDE_2.2.0/STM32CubeIDE/plugins/com.st.stm32cube.ide.mcu.externaltools.gnu-tools-for-stm32.14.3.rel1.win32_1.0.100.202602081740/tools/bin/../lib/gcc/arm-none-eabi/14.3.1/../../../../arm-none-eabi/lib/thumb/v7e-m+fp/hard\libc_nano.a(libc_a-init.o)
 .debug_frame   0x00002c20       0xb0 C:/ST/STM32CubeIDE_2.2.0/STM32CubeIDE/plugins/com.st.stm32cube.ide.mcu.externaltools.gnu-tools-for-stm32.14.3.rel1.win32_1.0.100.202602081740/tools/bin/../lib/gcc/arm-none-eabi/14.3.1/../../../../arm-none-eabi/lib/thumb/v7e-m+fp/hard\libc_nano.a(libc_a-lock.o)
 .debug_frame   0x00002cd0       0x20 C:/ST/STM32CubeIDE_2.2.0/STM32CubeIDE/plugins/com.st.stm32cube.ide.mcu.externaltools.gnu-tools-for-stm32.14.3.rel1.win32_1.0.100.202602081740/tools/bin/../lib/gcc/arm-none-eabi/14.3.1/../../../../arm-none-eabi/lib/thumb/v7e-m+fp/hard\libc_nano.a(libc_a-strlen.o)
 .debug_frame   0x00002cf0       0x38 C:/ST/STM32CubeIDE_2.2.0/STM32CubeIDE/plugins/com.st.stm32cube.ide.mcu.externaltools.gnu-tools-for-stm32.14.3.rel1.win32_1.0.100.202602081740/tools/bin/../lib/gcc/arm-none-eabi/14.3.1/../../../../arm-none-eabi/lib/thumb/v7e-m+fp/hard\libc_nano.a(libc_a-freer.o)