../Core/Src/lcd_hal.c:133:6:LCD_GPIO_Init	40	static
../Core/Src/lcd_hal.c:163:6:LCD_SPI_Send	24	static
../Core/Src/lcd_hal.c:178:6:LCD_WriteCmd	16	static
../Core/Src/lcd_hal.c:186:6:LCD_WriteData	16	static
../Core/Src/lcd_hal.c:194:6:LCD_WriteData16	16	static
../Core/Src/lcd_hal.c:209:6:LCD_SetAddressWindow	24	static
../Core/Src/lcd_hal.c:226:6:LCD_SetCursor	16	static
../Core/Src/lcd_hal.c:234:6:LCD_Init	8	static
../Core/Src/lcd_hal.c:300:6:LCD_ClearScreen	24	static
../Core/Src/lcd_hal.c:318:6:LCD_FillRect	40	static
../Core/Src/lcd_hal.c:337:6:LCD_DrawHLine	32	static
../Core/Src/lcd_hal.c:342:6:LCD_DrawVLine	32	static
../Core/Src/lcd_hal.c:347:6:LCD_DrawRect	24	static
../Core/Src/lcd_hal.c:355:6:LCD_DrawProgressBar	40	static
../Core/Src/lcd_hal.c:371:6:LCD_DrawBadge	48	static
../Core/Src/lcd_hal.c:383:6:LCD_DrawChar_Fast	48	static
../Core/Src/lcd_hal.c:421:6:LCD_DrawString_Fast	40	static
../Core/Src/lcd_hal.c:430:6:LCD_DrawChar2X	56	static
../Core/Src/lcd_hal.c:475:6:LCD_DrawString2X	40	static
../Core/Src/lcd_hal.c:485:6:LCD_DrawChar	32	static
../Core/Src/lcd_hal.c:493:6:LCD_DrawString	32	static
../Core/Src/lcd_hal.c:504:6:LCD_Init_Dashboard	24	static
../Core/Src/lcd_hal.c:562:6:LCD_Update_Dashboard	88	static
