../Core/Src/main.c:117:13:Process_UDS_Payload	64	static
../Core/Src/main.c:190:5:main	64	static
../Core/Src/main.c:404:6:SystemClock_Config	88	static
../Core/Src/main.c:451:13:MX_ADC1_Init	24	static
../Core/Src/main.c:503:13:MX_CAN1_Init	8	static
../Core/Src/main.c:540:13:MX_CAN2_Init	8	static
../Core/Src/main.c:577:13:MX_USART3_UART_Init	8	static
../Core/Src/main.c:608:13:MX_DMA_Init	16	static
../Core/Src/main.c:626:13:MX_GPIO_Init	48	static
../Core/Src/main.c:679:6:MX_CAN1_Setup	8	static
../Core/Src/main.c:722:6:MX_CAN2_Setup	8	static
../Core/Src/main.c:750:6:HAL_ADC_ConvCpltCallback	16	static
../Core/Src/main.c:755:6:USART3_SendString	16	static
../Core/Src/main.c:764:6:PrintCANLog	184	static
../Core/Src/main.c:785:6:HAL_UART_RxCpltCallback	16	static
../Core/Src/main.c:812:6:HAL_UART_ErrorCallback	32	static
../Core/Src/main.c:823:6:delay	16	static
../Core/Src/main.c:828:9:Caculate_CRC8_SAE_J1850	24	static
../Core/Src/main.c:852:6:Error_Handler	4	static,ignoring_inline_asm
