../Core/Src/main.c:117:13:Process_UDS_Payload	15
../Core/Src/main.c:190:5:main	26
../Core/Src/main.c:404:6:SystemClock_Config	3
../Core/Src/main.c:451:13:MX_ADC1_Init	3
../Core/Src/main.c:503:13:MX_CAN1_Init	2
../Core/Src/main.c:540:13:MX_CAN2_Init	2
../Core/Src/main.c:577:13:MX_USART3_UART_Init	2
../Core/Src/main.c:608:13:MX_DMA_Init	1
../Core/Src/main.c:626:13:MX_GPIO_Init	1
../Core/Src/main.c:679:6:MX_CAN1_Setup	4
../Core/Src/main.c:722:6:MX_CAN2_Setup	1
../Core/Src/main.c:750:6:HAL_ADC_ConvCpltCallback	1
../Core/Src/main.c:755:6:USART3_SendString	2
../Core/Src/main.c:764:6:PrintCANLog	2
../Core/Src/main.c:785:6:HAL_UART_RxCpltCallback	11
../Core/Src/main.c:812:6:HAL_UART_ErrorCallback	2
../Core/Src/main.c:823:6:delay	1
../Core/Src/main.c:828:9:Caculate_CRC8_SAE_J1850	4
../Core/Src/main.c:852:6:Error_Handler	1
