../Core/Src/stm32f4xx_it.c:80:6:NMI_Handler	4	static
../Core/Src/stm32f4xx_it.c:95:6:HardFault_Handler	4	static
../Core/Src/stm32f4xx_it.c:110:6:MemManage_Handler	4	static
../Core/Src/stm32f4xx_it.c:125:6:BusFault_Handler	4	static
../Core/Src/stm32f4xx_it.c:140:6:UsageFault_Handler	4	static
../Core/Src/stm32f4xx_it.c:155:6:SVC_Handler	4	static
../Core/Src/stm32f4xx_it.c:168:6:DebugMon_Handler	4	static
../Core/Src/stm32f4xx_it.c:181:6:PendSV_Handler	4	static
../Core/Src/stm32f4xx_it.c:194:6:SysTick_Handler	8	static
../Core/Src/stm32f4xx_it.c:218:6:EXTI0_IRQHandler	8	static
../Core/Src/stm32f4xx_it.c:247:6:CAN1_RX0_IRQHandler	424	static
../Core/Src/stm32f4xx_it.c:374:6:USART3_IRQHandler	8	static
../Core/Src/stm32f4xx_it.c:388:6:DMA2_Stream0_IRQHandler	8	static
../Core/Src/stm32f4xx_it.c:402:6:CAN2_RX0_IRQHandler	8	static
